Archive member included to satisfy reference by file (symbol)

d:/enviro~1/gcc-ar~1/102021~1.10/bin/../lib/gcc/arm-none-eabi/10.3.1/thumb/v7e-m/nofp\libgcc.a(_arm_mulsf3.o)
                              CMakeFiles/my_demo.elf.dir/Core/bsp/pid.c.obj (__aeabi_fmul)
d:/enviro~1/gcc-ar~1/102021~1.10/bin/../lib/gcc/arm-none-eabi/10.3.1/thumb/v7e-m/nofp\libgcc.a(_arm_addsubdf3.o)
                              CMakeFiles/my_demo.elf.dir/Core/bsp/motor.c.obj (__aeabi_f2d)
d:/enviro~1/gcc-ar~1/102021~1.10/bin/../lib/gcc/arm-none-eabi/10.3.1/thumb/v7e-m/nofp\libgcc.a(_arm_addsubsf3.o)
                              CMakeFiles/my_demo.elf.dir/Core/bsp/pid.c.obj (__aeabi_fsub)
d:/enviro~1/gcc-ar~1/102021~1.10/bin/../lib/gcc/arm-none-eabi/10.3.1/thumb/v7e-m/nofp\libgcc.a(_arm_cmpsf2.o)
                              CMakeFiles/my_demo.elf.dir/Core/bsp/pid.c.obj (__aeabi_fcmpeq)
d:/enviro~1/gcc-ar~1/102021~1.10/bin/../lib/gcc/arm-none-eabi/10.3.1/thumb/v7e-m/nofp\libgcc.a(_arm_fixsfsi.o)
                              CMakeFiles/my_demo.elf.dir/Core/bsp/debugc.c.obj (__aeabi_f2iz)
d:/enviro~1/gcc-ar~1/102021~1.10/bin/../lib/gcc/arm-none-eabi/10.3.1/thumb/v7e-m/nofp\libgcc.a(_arm_fixunssfsi.o)
                              CMakeFiles/my_demo.elf.dir/Core/bsp/motor.c.obj (__aeabi_f2uiz)
d:/enviro~1/gcc-ar~1/102021~1.10/bin/../lib/gcc/arm-none-eabi/10.3.1/thumb/v7e-m/nofp\libgcc.a(_aeabi_uldivmod.o)
                              CMakeFiles/my_demo.elf.dir/Drivers/STM32F4xx_HAL_Driver/Src/stm32f4xx_hal_rcc.c.obj (__aeabi_uldivmod)
d:/enviro~1/gcc-ar~1/102021~1.10/bin/../lib/gcc/arm-none-eabi/10.3.1/thumb/v7e-m/nofp\libgcc.a(_udivmoddi4.o)
                              d:/enviro~1/gcc-ar~1/102021~1.10/bin/../lib/gcc/arm-none-eabi/10.3.1/thumb/v7e-m/nofp\libgcc.a(_aeabi_uldivmod.o) (__udivmoddi4)
d:/enviro~1/gcc-ar~1/102021~1.10/bin/../lib/gcc/arm-none-eabi/10.3.1/thumb/v7e-m/nofp\libgcc.a(_dvmd_tls.o)
                              d:/enviro~1/gcc-ar~1/102021~1.10/bin/../lib/gcc/arm-none-eabi/10.3.1/thumb/v7e-m/nofp\libgcc.a(_aeabi_uldivmod.o) (__aeabi_ldiv0)
d:/enviro~1/gcc-ar~1/102021~1.10/bin/../lib/gcc/arm-none-eabi/10.3.1/../../../../arm-none-eabi/lib/thumb/v7e-m/nofp\libg.a(lib_a-errno.o)
                              CMakeFiles/my_demo.elf.dir/Core/Src/syscalls.c.obj (__errno)
d:/enviro~1/gcc-ar~1/102021~1.10/bin/../lib/gcc/arm-none-eabi/10.3.1/../../../../arm-none-eabi/lib/thumb/v7e-m/nofp\libg.a(lib_a-exit.o)
                              d:/enviro~1/gcc-ar~1/102021~1.10/bin/../lib/gcc/arm-none-eabi/10.3.1/../../../../arm-none-eabi/lib/thumb/v7e-m/nofp/crt0.o (exit)
d:/enviro~1/gcc-ar~1/102021~1.10/bin/../lib/gcc/arm-none-eabi/10.3.1/../../../../arm-none-eabi/lib/thumb/v7e-m/nofp\libg.a(lib_a-impure.o)
                              d:/enviro~1/gcc-ar~1/102021~1.10/bin/../lib/gcc/arm-none-eabi/10.3.1/../../../../arm-none-eabi/lib/thumb/v7e-m/nofp\libg.a(lib_a-exit.o) (_global_impure_ptr)
d:/enviro~1/gcc-ar~1/102021~1.10/bin/../lib/gcc/arm-none-eabi/10.3.1/../../../../arm-none-eabi/lib/thumb/v7e-m/nofp\libg.a(lib_a-init.o)
                              d:/enviro~1/gcc-ar~1/102021~1.10/bin/../lib/gcc/arm-none-eabi/10.3.1/../../../../arm-none-eabi/lib/thumb/v7e-m/nofp/crt0.o (__libc_init_array)
d:/enviro~1/gcc-ar~1/102021~1.10/bin/../lib/gcc/arm-none-eabi/10.3.1/../../../../arm-none-eabi/lib/thumb/v7e-m/nofp\libg.a(lib_a-memset.o)
                              d:/enviro~1/gcc-ar~1/102021~1.10/bin/../lib/gcc/arm-none-eabi/10.3.1/../../../../arm-none-eabi/lib/thumb/v7e-m/nofp/crt0.o (memset)
d:/enviro~1/gcc-ar~1/102021~1.10/bin/../lib/gcc/arm-none-eabi/10.3.1/../../../../arm-none-eabi/lib/thumb/v7e-m/nofp\libg.a(lib_a-strtod.o)
                              CMakeFiles/my_demo.elf.dir/Core/bsp/debugc.c.obj (strtof)
d:/enviro~1/gcc-ar~1/102021~1.10/bin/../lib/gcc/arm-none-eabi/10.3.1/../../../../arm-none-eabi/lib/thumb/v7e-m/nofp\libg.a(lib_a-vsnprintf.o)
                              CMakeFiles/my_demo.elf.dir/Core/bsp/debugc.c.obj (vsnprintf)
d:/enviro~1/gcc-ar~1/102021~1.10/bin/../lib/gcc/arm-none-eabi/10.3.1/../../../../arm-none-eabi/lib/thumb/v7e-m/nofp\libg.a(lib_a-__call_atexit.o)
                              d:/enviro~1/gcc-ar~1/102021~1.10/bin/../lib/gcc/arm-none-eabi/10.3.1/../../../../arm-none-eabi/lib/thumb/v7e-m/nofp\libg.a(lib_a-exit.o) (__call_exitprocs)
d:/enviro~1/gcc-ar~1/102021~1.10/bin/../lib/gcc/arm-none-eabi/10.3.1/../../../../arm-none-eabi/lib/thumb/v7e-m/nofp\libg.a(lib_a-atexit.o)
                              d:/enviro~1/gcc-ar~1/102021~1.10/bin/../lib/gcc/arm-none-eabi/10.3.1/../../../../arm-none-eabi/lib/thumb/v7e-m/nofp\libg.a(lib_a-__call_atexit.o) (atexit)
d:/enviro~1/gcc-ar~1/102021~1.10/bin/../lib/gcc/arm-none-eabi/10.3.1/../../../../arm-none-eabi/lib/thumb/v7e-m/nofp\libg.a(lib_a-fini.o)
                              d:/enviro~1/gcc-ar~1/102021~1.10/bin/../lib/gcc/arm-none-eabi/10.3.1/../../../../arm-none-eabi/lib/thumb/v7e-m/nofp\libg.a(lib_a-__call_atexit.o) (__libc_fini_array)
[...]
Memory Configuration

Name             Origin             Length             Attributes
CCMRAM           0x10000000         0x00010000         xrw
RAM              0x20000000         0x00030000         xrw
FLASH            0x08000000         0x00200000         xr
*default*        0x00000000         0xffffffff

Linker script and memory map

LOAD d:/enviro~1/gcc-ar~1/102021~1.10/bin/../lib/gcc/arm-none-eabi/10.3.1/thumb/v7e-m/nofp/crti.o
LOAD d:/enviro~1/gcc-ar~1/102021~1.10/bin/../lib/gcc/arm-none-eabi/10.3.1/thumb/v7e-m/nofp/crtbegin.o
LOAD d:/enviro~1/gcc-ar~1/102021~1.10/bin/../lib/gcc/arm-none-eabi/10.3.1/../../../../arm-none-eabi/lib/thumb/v7e-m/nofp/crt0.o
LOAD CMakeFiles/my_demo.elf.dir/Core/Src/can.c.obj
LOAD CMakeFiles/my_demo.elf.dir/Core/Src/dma.c.obj
LOAD CMakeFiles/my_demo.elf.dir/Core/Src/gpio.c.obj
LOAD CMakeFiles/my_demo.elf.dir/Core/Src/main.c.obj
LOAD CMakeFiles/my_demo.elf.dir/Core/Src/stm32f4xx_hal_msp.c.obj
LOAD CMakeFiles/my_demo.elf.dir/Core/Src/stm32f4xx_it.c.obj
LOAD CMakeFiles/my_demo.elf.dir/Core/Src/syscalls.c.obj
LOAD CMakeFiles/my_demo.elf.dir/Core/Src/sysmem.c.obj
LOAD CMakeFiles/my_demo.elf.dir/Core/Src/system_stm32f4xx.c.obj
LOAD CMakeFiles/my_demo.elf.dir/Core/Src/tim.c.obj
LOAD CMakeFiles/my_demo.elf.dir/Core/Src/usart.c.obj
LOAD CMakeFiles/my_demo.elf.dir/Core/Startup/startup_stm32f427iihx.s.obj
LOAD CMakeFiles/my_demo.elf.dir/Core/bsp/POWER.c.obj
LOAD CMakeFiles/my_demo.elf.dir/Core/bsp/bsp_can.c.obj
LOAD CMakeFiles/my_demo.elf.dir/Core/bsp/debugc.c.obj
LOAD CMakeFiles/my_demo.elf.dir/Core/bsp/motor.c.obj
LOAD CMakeFiles/my_demo.elf.dir/Core/bsp/pid.c.obj
LOAD CMakeFiles/my_demo.elf.dir/Drivers/STM32F4xx_HAL_Driver/Src/stm32f4xx_hal.c.obj
LOAD CMakeFiles/my_demo.elf.dir/Drivers/STM32F4xx_HAL_Driver/Src/stm32f4xx_hal_can.c.obj
LOAD CMakeFiles/my_demo.elf.dir/Drivers/STM32F4xx_HAL_Driver/Src/stm32f4xx_hal_cortex.c.obj
LOAD CMakeFiles/my_demo.elf.dir/Drivers/STM32F4xx_HAL_Driver/Src/stm32f4xx_hal_dma.c.obj
LOAD CMakeFiles/my_demo.elf.dir/Drivers/STM32F4xx_HAL_Driver/Src/stm32f4xx_hal_dma_ex.c.obj
LOAD CMakeFiles/my_demo.elf.dir/Drivers/STM32F4xx_HAL_Driver/Src/stm32f4xx_hal_exti.c.obj
LOAD CMakeFiles/my_demo.elf.dir/Drivers/STM32F4xx_HAL_Driver/Src/stm32f4xx_hal_flash.c.obj
LOAD CMakeFiles/my_demo.elf.dir/Drivers/STM32F4xx_HAL_Driver/Src/stm32f4xx_hal_flash_ex.c.obj
LOAD CMakeFiles/my_demo.elf.dir/Drivers/STM32F4xx_HAL_Driver/Src/stm32f4xx_hal_flash_ramfunc.c.obj
LOAD CMakeFiles/my_demo.elf.dir/Drivers/STM32F4xx_HAL_Driver/Src/stm32f4xx_hal_gpio.c.obj
LOAD CMakeFiles/my_demo.elf.dir/Drivers/STM32F4xx_HAL_Driver/Src/stm32f4xx_hal_pwr.c.obj
LOAD CMakeFiles/my_demo.elf.dir/Drivers/STM32F4xx_HAL_Driver/Src/stm32f4xx_hal_pwr_ex.c.obj
LOAD CMakeFiles/my_demo.elf.dir/Drivers/STM32F4xx_HAL_Driver/Src/stm32f4xx_hal_rcc.c.obj
LOAD CMakeFiles/my_demo.elf.dir/Drivers/STM32F4xx_HAL_Driver/Src/stm32f4xx_hal_rcc_ex.c.obj
LOAD CMakeFiles/my_demo.elf.dir/Drivers/STM32F4xx_HAL_Driver/Src/stm32f4xx_hal_tim.c.obj
LOAD CMakeFiles/my_demo.elf.dir/Drivers/STM32F4xx_HAL_Driver/Src/stm32f4xx_hal_tim_ex.c.obj
LOAD CMakeFiles/my_demo.elf.dir/Drivers/STM32F4xx_HAL_Driver/Src/stm32f4xx_hal_uart.c.obj
START GROUP
LOAD d:/enviro~1/gcc-ar~1/102021~1.10/bin/../lib/gcc/arm-none-eabi/10.3.1/thumb/v7e-m/nofp\libgcc.a
LOAD d:/enviro~1/gcc-ar~1/102021~1.10/bin/../lib/gcc/arm-none-eabi/10.3.1/../../../../arm-none-eabi/lib/thumb/v7e-m/nofp\libg.a
LOAD d:/enviro~1/gcc-ar~1/102021~1.10/bin/../lib/gcc/arm-none-eabi/10.3.1/../../../../arm-none-eabi/lib/thumb/v7e-m/nofp\libc.a
END GROUP
LOAD d:/enviro~1/gcc-ar~1/102021~1.10/bin/../lib/gcc/arm-none-eabi/10.3.1/thumb/v7e-m/nofp/crtend.o
LOAD d:/enviro~1/gcc-ar~1/102021~1.10/bin/../lib/gcc/arm-none-eabi/10.3.1/thumb/v7e-m/nofp/crtn.o
                0x20030000                _estack = (ORIGIN (RAM) + LENGTH (RAM))
                0x00000200                _Min_Heap_Size = 0x200
                0x00000400                _Min_Stack_Size = 0x400

.isr_vector     0x08000000      0x1ac
                0x08000000                . = ALIGN (0x4)
 *(.isr_vector)
 .isr_vector    0x08000000      0x1ac CMakeFiles/my_demo.elf.dir/Core/Startup/startup_stm32f427iihx.s.obj
                0x08000000                g_pfnVectors
                0x080001ac                . = ALIGN (0x4)

.text           0x080001c0     0xc370
                0x080001c0                . = ALIGN (0x4)
 *(.text)
 .text          0x080001c0       0x40 d:/enviro~1/gcc-ar~1/102021~1.10/bin/../lib/gcc/arm-none-eabi/10.3.1/thumb/v7e-m/nofp/crtbegin.o
 .text          0x08000200      0x168 d:/enviro~1/gcc-ar~1/102021~1.10/bin/../lib/gcc/arm-none-eabi/10.3.1/thumb/v7e-m/nofp\libgcc.a(_arm_mulsf3.o)
                0x08000200                __aeabi_fmul
                0x08000200                __mulsf3
 .text          0x08000368      0x378 d:/enviro~1/gcc-ar~1/102021~1.10/bin/../lib/gcc/arm-none-eabi/10.3.1/thumb/v7e-m/nofp\libgcc.a(_arm_addsubdf3.o)
                0x08000368                __aeabi_drsub
                0x08000370                __aeabi_dsub
                0x08000370                __subdf3
                0x08000374                __aeabi_dadd
                0x08000374                __adddf3
                0x080005ec                __floatunsidf
                0x080005ec                __aeabi_ui2d
                0x0800060c                __floatsidf
                0x0800060c                __aeabi_i2d
                0x08000630                __aeabi_f2d
                0x08000630                __extendsfdf2
                0x08000674                __floatundidf
                0x08000674                __aeabi_ul2d
                0x08000684                __floatdidf
                0x08000684                __aeabi_l2d
 .text          0x080006e0      0x21c d:/enviro~1/gcc-ar~1/102021~1.10/bin/../lib/gcc/arm-none-eabi/10.3.1/thumb/v7e-m/nofp\libgcc.a(_arm_addsubsf3.o)
                0x080006e0                __aeabi_frsub
                0x080006e8                __subsf3
                0x080006e8                __aeabi_fsub
                0x080006ec                __aeabi_fadd
                0x080006ec                __addsf3
                0x0800084c                __aeabi_ui2f
                0x0800084c                __floatunsisf
                0x08000854                __aeabi_i2f
                0x08000854                __floatsisf
                0x08000870                __aeabi_ul2f
                0x08000870                __floatundisf
                0x08000880                __aeabi_l2f
                0x08000880                __floatdisf
 .text          0x080008fc       0xec d:/enviro~1/gcc-ar~1/102021~1.10/bin/../lib/gcc/arm-none-eabi/10.3.1/thumb/v7e-m/nofp\libgcc.a(_arm_cmpsf2.o)
                0x080008fc                __gesf2
                0x080008fc                __gtsf2
                0x08000904                __lesf2
                0x08000904                __ltsf2
                0x0800090c                __nesf2
                0x0800090c                __eqsf2
                0x0800090c                __cmpsf2
                0x0800096c                __aeabi_cfrcmple
                0x08000974                __aeabi_cfcmpeq
                0x08000974                __aeabi_cfcmple
                0x08000984                __aeabi_fcmpeq
                0x08000998                __aeabi_fcmplt
                0x080009ac                __aeabi_fcmple
                0x080009c0                __aeabi_fcmpge
                0x080009d4                __aeabi_fcmpgt
 .text          0x080009e8       0x4c d:/enviro~1/gcc-ar~1/102021~1.10/bin/../lib/gcc/arm-none-eabi/10.3.1/thumb/v7e-m/nofp\libgcc.a(_arm_fixsfsi.o)
                0x080009e8                __aeabi_f2iz
                0x080009e8                __fixsfsi
 .text          0x08000a34       0x40 d:/enviro~1/gcc-ar~1/102021~1.10/bin/../lib/gcc/arm-none-eabi/10.3.1/thumb/v7e-m/nofp\libgcc.a(_arm_fixunssfsi.o)
                0x08000a34                __fixunssfsi
                0x08000a34                __aeabi_f2uiz
 .text          0x08000a74       0x30 d:/enviro~1/gcc-ar~1/102021~1.10/bin/../lib/gcc/arm-none-eabi/10.3.1/thumb/v7e-m/nofp\libgcc.a(_aeabi_uldivmod.o)
                0x08000a74                __aeabi_uldivmod
 .text          0x08000aa4      0x2d0 d:/enviro~1/gcc-ar~1/102021~1.10/bin/../lib/gcc/arm-none-eabi/10.3.1/thumb/v7e-m/nofp\libgcc.a(_udivmoddi4.o)
                0x08000aa4                __udivmoddi4
 .text          0x08000d74        0x4 d:/enviro~1/gcc-ar~1/102021~1.10/bin/../lib/gcc/arm-none-eabi/10.3.1/thumb/v7e-m/nofp\libgcc.a(_dvmd_tls.o)
                0x08000d74                __aeabi_idiv0
                0x08000d74                __aeabi_ldiv0
 .text          0x08000d78      0x134 d:/enviro~1/gcc-ar~1/102021~1.10/bin/../lib/gcc/arm-none-eabi/10.3.1/../../../../arm-none-eabi/lib/thumb/v7e-m/nofp\libg.a(lib_a-memcpy.o)
                0x08000d78                memcpy
 *fill*         0x08000eac       0x14 
 .text          0x08000ec0       0xdc d:/enviro~1/gcc-ar~1/102021~1.10/bin/../lib/gcc/arm-none-eabi/10.3.1/../../../../arm-none-eabi/lib/thumb/v7e-m/nofp\libg.a(lib_a-strlen.o)
                0x08000ec0                strlen
 *fill*         0x08000f9c        0x4 
 .text          0x08000fa0       0xa0 d:/enviro~1/gcc-ar~1/102021~1.10/bin/../lib/gcc/arm-none-eabi/10.3.1/../../../../arm-none-eabi/lib/thumb/v7e-m/nofp\libg.a(lib_a-memchr.o)
                0x08000fa0                memchr
 .text          0x08001040      0x424 d:/enviro~1/gcc-ar~1/102021~1.10/bin/../lib/gcc/arm-none-eabi/10.3.1/thumb/v7e-m/nofp\libgcc.a(_arm_muldivdf3.o)
                0x08001040                __aeabi_dmul
                0x08001040                __muldf3
                0x08001294                __divdf3
                0x08001294                __aeabi_ddiv
 .text          0x08001464      0x110 d:/enviro~1/gcc-ar~1/102021~1.10/bin/../lib/gcc/arm-none-eabi/10.3.1/thumb/v7e-m/nofp\libgcc.a(_arm_cmpdf2.o)
                0x08001464                __gtdf2
                0x08001464                __gedf2
                0x0800146c                __ltdf2
                0x0800146c                __ledf2
                0x08001474                __nedf2
                0x08001474                __eqdf2
                0x08001474                __cmpdf2
                0x080014f0                __aeabi_cdrcmple
                0x08001500                __aeabi_cdcmpeq
                0x08001500                __aeabi_cdcmple
                0x08001510                __aeabi_dcmpeq
                0x08001524                __aeabi_dcmplt
                0x08001538                __aeabi_dcmple
                0x0800154c                __aeabi_dcmpge
                0x08001560                __aeabi_dcmpgt
 .text          0x08001574       0x2c d:/enviro~1/gcc-ar~1/102021~1.10/bin/../lib/gcc/arm-none-eabi/10.3.1/thumb/v7e-m/nofp\libgcc.a(_arm_unorddf2.o)
                0x08001574                __unorddf2
                0x08001574                __aeabi_dcmpun
 .text          0x080015a0       0x50 d:/enviro~1/gcc-ar~1/102021~1.10/bin/../lib/gcc/arm-none-eabi/10.3.1/thumb/v7e-m/nofp\libgcc.a(_arm_fixdfsi.o)
                0x080015a0                __aeabi_d2iz
                0x080015a0                __fixdfsi
 .text          0x080015f0       0x40 d:/enviro~1/gcc-ar~1/102021~1.10/bin/../lib/gcc/arm-none-eabi/10.3.1/thumb/v7e-m/nofp\libgcc.a(_arm_fixunsdfsi.o)
                0x080015f0                __aeabi_d2uiz
                0x080015f0                __fixunsdfsi
 .text          0x08001630       0xa0 d:/enviro~1/gcc-ar~1/102021~1.10/bin/../lib/gcc/arm-none-eabi/10.3.1/thumb/v7e-m/nofp\libgcc.a(_arm_truncdfsf2.o)
                0x08001630                __truncdfsf2
                0x08001630                __aeabi_d2f
 .text          0x080016d0       0x2c d:/enviro~1/gcc-ar~1/102021~1.10/bin/../lib/gcc/arm-none-eabi/10.3.1/thumb/v7e-m/nofp\libgcc.a(_arm_unordsf2.o)
                0x080016d0                __unordsf2
                0x080016d0                __aeabi_fcmpun
 .text          0x080016fc       0x34 d:/enviro~1/gcc-ar~1/102021~1.10/bin/../lib/gcc/arm-none-eabi/10.3.1/thumb/v7e-m/nofp\libgcc.a(_fixdfdi.o)
                0x080016fc                __fixdfdi
                0x080016fc                __aeabi_d2lz
 .text          0x08001730       0x3c d:/enviro~1/gcc-ar~1/102021~1.10/bin/../lib/gcc/arm-none-eabi/10.3.1/thumb/v7e-m/nofp\libgcc.a(_fixunsdfdi.o)
                0x08001730                __fixunsdfdi
                0x08001730                __aeabi_d2ulz
 *(.text*)
 .text.MX_CAN1_Init
                0x0800176c       0x40 CMakeFiles/my_demo.elf.dir/Core/Src/can.c.obj
                0x0800176c                MX_CAN1_Init
 .text.MX_CAN2_Init
                0x080017ac       0x40 CMakeFiles/my_demo.elf.dir/Core/Src/can.c.obj
                0x080017ac                MX_CAN2_Init
 .text.HAL_CAN_MspInit
                0x080017ec      0x124 CMakeFiles/my_demo.elf.dir/Core/Src/can.c.obj
                0x080017ec                HAL_CAN_MspInit
 .text.MX_DMA_Init
                0x08001910       0x44 CMakeFiles/my_demo.elf.dir/Core/Src/dma.c.obj
                0x08001910                MX_DMA_Init
 .text.MX_GPIO_Init
                0x08001954       0xcc CMakeFiles/my_demo.elf.dir/Core/Src/gpio.c.obj
                0x08001954                MX_GPIO_Init
 .text.Error_Handler
                0x08001a20        0x4 CMakeFiles/my_demo.elf.dir/Core/Src/main.c.obj
                0x08001a20                Error_Handler
 .text.SystemClock_Config
                0x08001a24       0xa8 CMakeFiles/my_demo.elf.dir/Core/Src/main.c.obj
                0x08001a24                SystemClock_Config
 .text.main     0x08001acc       0x54 CMakeFiles/my_demo.elf.dir/Core/Src/main.c.obj
                0x08001acc                main
 .text.HAL_MspInit
                0x08001b20       0x38 CMakeFiles/my_demo.elf.dir/Core/Src/stm32f4xx_hal_msp.c.obj
                0x08001b20                HAL_MspInit
 .text.NMI_Handler
                0x08001b58        0x2 CMakeFiles/my_demo.elf.dir/Core/Src/stm32f4xx_it.c.obj
                0x08001b58                NMI_Handler
 .text.HardFault_Handler
                0x08001b5a        0x2 CMakeFiles/my_demo.elf.dir/Core/Src/stm32f4xx_it.c.obj
                0x08001b5a                HardFault_Handler
 .text.MemManage_Handler
                0x08001b5c        0x2 CMakeFiles/my_demo.elf.dir/Core/Src/stm32f4xx_it.c.obj
                0x08001b5c                MemManage_Handler
 .text.BusFault_Handler
                0x08001b5e        0x2 CMakeFiles/my_demo.elf.dir/Core/Src/stm32f4xx_it.c.obj
                0x08001b5e                BusFault_Handler
 .text.UsageFault_Handler
                0x08001b60        0x2 CMakeFiles/my_demo.elf.dir/Core/Src/stm32f4xx_it.c.obj
                0x08001b60                UsageFault_Handler
 .text.SVC_Handler
                0x08001b62        0x2 CMakeFiles/my_demo.elf.dir/Core/Src/stm32f4xx_it.c.obj
                0x08001b62                SVC_Handler
 .text.DebugMon_Handler
                0x08001b64        0x2 CMakeFiles/my_demo.elf.dir/Core/Src/stm32f4xx_it.c.obj
                0x08001b64                DebugMon_Handler
 .text.PendSV_Handler
                0x08001b66        0x2 CMakeFiles/my_demo.elf.dir/Core/Src/stm32f4xx_it.c.obj
                0x08001b66                PendSV_Handler
 .text.SysTick_Handler
                0x08001b68        0x8 CMakeFiles/my_demo.elf.dir/Core/Src/stm32f4xx_it.c.obj
                0x08001b68                SysTick_Handler
 .text.EXTI2_IRQHandler
                0x08001b70        0xa CMakeFiles/my_demo.elf.dir/Core/Src/stm32f4xx_it.c.obj
                0x08001b70                EXTI2_IRQHandler
 *fill*         0x08001b7a        0x2 
 .text.CAN1_RX0_IRQHandler
                0x08001b7c       0x10 CMakeFiles/my_demo.elf.dir/Core/Src/stm32f4xx_it.c.obj
                0x08001b7c                CAN1_RX0_IRQHandler
 .text.TIM5_IRQHandler
                0x08001b8c       0x10 CMakeFiles/my_demo.elf.dir/Core/Src/stm32f4xx_it.c.obj
                0x08001b8c                TIM5_IRQHandler
 .text.DMA2_Stream1_IRQHandler
                0x08001b9c       0x10 CMakeFiles/my_demo.elf.dir/Core/Src/stm32f4xx_it.c.obj
                0x08001b9c                DMA2_Stream1_IRQHandler
 .text.CAN2_RX0_IRQHandler
                0x08001bac       0x10 CMakeFiles/my_demo.elf.dir/Core/Src/stm32f4xx_it.c.obj
                0x08001bac                CAN2_RX0_IRQHandler
 .text.DMA2_Stream6_IRQHandler
                0x08001bbc       0x10 CMakeFiles/my_demo.elf.dir/Core/Src/stm32f4xx_it.c.obj
                0x08001bbc                DMA2_Stream6_IRQHandler
 .text.USART6_IRQHandler
                0x08001bcc       0x1c CMakeFiles/my_demo.elf.dir/Core/Src/stm32f4xx_it.c.obj
                0x08001bcc                USART6_IRQHandler
 .text._getpid  0x08001be8        0x4 CMakeFiles/my_demo.elf.dir/Core/Src/syscalls.c.obj
                0x08001be8                _getpid
 .text._kill    0x08001bec       0x10 CMakeFiles/my_demo.elf.dir/Core/Src/syscalls.c.obj
                0x08001bec                _kill
 .text._exit    0x08001bfc        0xc CMakeFiles/my_demo.elf.dir/Core/Src/syscalls.c.obj
                0x08001bfc                _exit
 .text._read    0x08001c08       0x20 CMakeFiles/my_demo.elf.dir/Core/Src/syscalls.c.obj
                0x08001c08                _read
 .text._write   0x08001c28       0x1c CMakeFiles/my_demo.elf.dir/Core/Src/syscalls.c.obj
                0x08001c28                _write
 .text._close   0x08001c44        0x6 CMakeFiles/my_demo.elf.dir/Core/Src/syscalls.c.obj
                0x08001c44                _close
 .text._fstat   0x08001c4a        0xa CMakeFiles/my_demo.elf.dir/Core/Src/syscalls.c.obj
                0x08001c4a                _fstat
 .text._isatty  0x08001c54        0x4 CMakeFiles/my_demo.elf.dir/Core/Src/syscalls.c.obj
                0x08001c54                _isatty
 .text._lseek   0x08001c58        0x4 CMakeFiles/my_demo.elf.dir/Core/Src/syscalls.c.obj
                0x08001c58                _lseek
 .text._sbrk    0x08001c5c       0x48 CMakeFiles/my_demo.elf.dir/Core/Src/sysmem.c.obj
                0x08001c5c                _sbrk
 .text.SystemInit
                0x08001ca4        0x2 CMakeFiles/my_demo.elf.dir/Core/Src/system_stm32f4xx.c.obj
                0x08001ca4                SystemInit
 *fill*         0x08001ca6        0x2 
 .text.MX_TIM5_Init
                0x08001ca8       0x74 CMakeFiles/my_demo.elf.dir/Core/Src/tim.c.obj
                0x08001ca8                MX_TIM5_Init
 .text.HAL_TIM_Base_MspInit
                0x08001d1c       0x40 CMakeFiles/my_demo.elf.dir/Core/Src/tim.c.obj
                0x08001d1c                HAL_TIM_Base_MspInit
 .text.MX_USART6_UART_Init
                0x08001d5c       0x34 CMakeFiles/my_demo.elf.dir/Core/Src/usart.c.obj
                0x08001d5c                MX_USART6_UART_Init
 .text.HAL_UART_MspInit
                0x08001d90       0xfc CMakeFiles/my_demo.elf.dir/Core/Src/usart.c.obj
                0x08001d90                HAL_UART_MspInit
 .text.Reset_Handler
                0x08001e8c       0x50 CMakeFiles/my_demo.elf.dir/Core/Startup/startup_stm32f427iihx.s.obj
                0x08001e8c                Reset_Handler
 .text.Default_Handler
                0x08001edc        0x2 CMakeFiles/my_demo.elf.dir/Core/Startup/startup_stm32f427iihx.s.obj
                0x08001edc                RTC_Alarm_IRQHandler
                0x08001edc                HASH_RNG_IRQHandler
                0x08001edc                TIM8_CC_IRQHandler
                0x08001edc                UART8_IRQHandler
                0x08001edc                SPI4_IRQHandler
                0x08001edc                TIM1_CC_IRQHandler
                0x08001edc                DMA2_Stream5_IRQHandler
                0x08001edc                DMA1_Stream5_IRQHandler
                0x08001edc                PVD_IRQHandler
                0x08001edc                SDIO_IRQHandler
                0x08001edc                TAMP_STAMP_IRQHandler
                0x08001edc                CAN2_RX1_IRQHandler
                0x08001edc                EXTI3_IRQHandler
                0x08001edc                TIM8_TRG_COM_TIM14_IRQHandler
                0x08001edc                TIM1_UP_TIM10_IRQHandler
                0x08001edc                TIM8_UP_TIM13_IRQHandler
                0x08001edc                I2C3_ER_IRQHandler
                0x08001edc                EXTI0_IRQHandler
                0x08001edc                I2C2_EV_IRQHandler
                0x08001edc                DMA1_Stream2_IRQHandler
                0x08001edc                FPU_IRQHandler
                0x08001edc                OTG_HS_WKUP_IRQHandler
                0x08001edc                CAN2_SCE_IRQHandler
                0x08001edc                DMA2_Stream2_IRQHandler
                0x08001edc                SPI1_IRQHandler
                0x08001edc                TIM6_DAC_IRQHandler
                0x08001edc                TIM1_BRK_TIM9_IRQHandler
                0x08001edc                DCMI_IRQHandler
                0x08001edc                DMA2_Stream3_IRQHandler
                0x08001edc                USART3_IRQHandler
                0x08001edc                CAN1_RX1_IRQHandler
                0x08001edc                UART5_IRQHandler
                0x08001edc                DMA2_Stream0_IRQHandler
                0x08001edc                TIM4_IRQHandler
                0x08001edc                I2C1_EV_IRQHandler
                0x08001edc                DMA1_Stream6_IRQHandler
                0x08001edc                DMA1_Stream1_IRQHandler
                0x08001edc                UART4_IRQHandler
                0x08001edc                TIM3_IRQHandler
                0x08001edc                RCC_IRQHandler
                0x08001edc                TIM8_BRK_TIM12_IRQHandler
                0x08001edc                Default_Handler
                0x08001edc                EXTI15_10_IRQHandler
                0x08001edc                ADC_IRQHandler
                0x08001edc                DMA1_Stream7_IRQHandler
                0x08001edc                SPI5_IRQHandler
                0x08001edc                TIM7_IRQHandler
                0x08001edc                CAN2_TX_IRQHandler
                0x08001edc                DMA2_Stream7_IRQHandler
                0x08001edc                I2C3_EV_IRQHandler
                0x08001edc                EXTI9_5_IRQHandler
                0x08001edc                RTC_WKUP_IRQHandler
                0x08001edc                ETH_WKUP_IRQHandler
                0x08001edc                SPI2_IRQHandler
                0x08001edc                OTG_HS_EP1_IN_IRQHandler
                0x08001edc                DMA1_Stream0_IRQHandler
                0x08001edc                CAN1_TX_IRQHandler
                0x08001edc                EXTI4_IRQHandler
                0x08001edc                ETH_IRQHandler
                0x08001edc                OTG_HS_EP1_OUT_IRQHandler
                0x08001edc                WWDG_IRQHandler
                0x08001edc                SPI6_IRQHandler
                0x08001edc                TIM2_IRQHandler
                0x08001edc                OTG_FS_WKUP_IRQHandler
                0x08001edc                TIM1_TRG_COM_TIM11_IRQHandler
                0x08001edc                OTG_HS_IRQHandler
                0x08001edc                DMA2D_IRQHandler
                0x08001edc                EXTI1_IRQHandler
                0x08001edc                UART7_IRQHandler
                0x08001edc                USART2_IRQHandler
                0x08001edc                I2C2_ER_IRQHandler
                0x08001edc                CAN1_SCE_IRQHandler
                0x08001edc                FLASH_IRQHandler
                0x08001edc                DMA2_Stream4_IRQHandler
                0x08001edc                USART1_IRQHandler
                0x08001edc                OTG_FS_IRQHandler
                0x08001edc                SPI3_IRQHandler
                0x08001edc                DMA1_Stream4_IRQHandler
                0x08001edc                I2C1_ER_IRQHandler
                0x08001edc                FMC_IRQHandler
                0x08001edc                SAI1_IRQHandler
                0x08001edc                DMA1_Stream3_IRQHandler
 *fill*         0x08001ede        0x2 
 .text.__POWER_24V_ON
                0x08001ee0       0x34 CMakeFiles/my_demo.elf.dir/Core/bsp/POWER.c.obj
                0x08001ee0                __POWER_24V_ON
 .text.can_filter_init
                0x08001f14       0x60 CMakeFiles/my_demo.elf.dir/Core/bsp/bsp_can.c.obj
                0x08001f14                can_filter_init
 .text.Motor_measure_fun
                0x08001f74       0x62 CMakeFiles/my_demo.elf.dir/Core/bsp/bsp_can.c.obj
                0x08001f74                Motor_measure_fun
 *fill*         0x08001fd6        0x2 
 .text.HAL_CAN_RxFifo0MsgPendingCallback
                0x08001fd8       0x5c CMakeFiles/my_demo.elf.dir/Core/bsp/bsp_can.c.obj
                0x08001fd8                HAL_CAN_RxFifo0MsgPendingCallback
 .text.Set_motor1_cmd
                0x08002034       0x38 CMakeFiles/my_demo.elf.dir/Core/bsp/bsp_can.c.obj
                0x08002034                Set_motor1_cmd
 .text.DEBUGC_UartInit
                0x0800206c       0x20 CMakeFiles/my_demo.elf.dir/Core/bsp/debugc.c.obj
                0x0800206c                DEBUGC_UartInit
 .text.usart_printf
                0x0800208c       0x38 CMakeFiles/my_demo.elf.dir/Core/bsp/debugc.c.obj
                0x0800208c                usart_printf
 .text.DEBUGC_UartIdleCallback
                0x080020c4      0x1c4 CMakeFiles/my_demo.elf.dir/Core/bsp/debugc.c.obj
                0x080020c4                DEBUGC_UartIdleCallback
 .text.DEBUGC_UartIrqHandler
                0x08002288       0x34 CMakeFiles/my_demo.elf.dir/Core/bsp/debugc.c.obj
                0x08002288                DEBUGC_UartIrqHandler
 .text.HAL_GPIO_EXTI_Callback
                0x080022bc       0x20 CMakeFiles/my_demo.elf.dir/Core/bsp/motor.c.obj
                0x080022bc                HAL_GPIO_EXTI_Callback
 .text.motor_Init
                0x080022dc       0x10 CMakeFiles/my_demo.elf.dir/Core/bsp/motor.c.obj
                0x080022dc                motor_Init
 .text.motor_test_control
                0x080022ec       0xa4 CMakeFiles/my_demo.elf.dir/Core/bsp/motor.c.obj
                0x080022ec                motor_test_control
 .text.HAL_TIM_PeriodElapsedCallback
                0x08002390       0x14 CMakeFiles/my_demo.elf.dir/Core/bsp/motor.c.obj
                0x08002390                HAL_TIM_PeriodElapsedCallback
 .text.PID_Update
                0x080023a4       0xec CMakeFiles/my_demo.elf.dir/Core/bsp/pid.c.obj
                0x080023a4                PID_Update
 .text.PID_GetPositionPID
                0x08002490       0x9c CMakeFiles/my_demo.elf.dir/Core/bsp/pid.c.obj
                0x08002490                PID_GetPositionPID
 .text.PID_SpeedParamInit
                0x0800252c       0x64 CMakeFiles/my_demo.elf.dir/Core/bsp/pid.c.obj
                0x0800252c                PID_SpeedParamInit
 .text.HAL_InitTick
                0x08002590       0x4c CMakeFiles/my_demo.elf.dir/Drivers/STM32F4xx_HAL_Driver/Src/stm32f4xx_hal.c.obj
                0x08002590                HAL_InitTick
 .text.HAL_Init
                0x080025dc       0x34 CMakeFiles/my_demo.elf.dir/Drivers/STM32F4xx_HAL_Driver/Src/stm32f4xx_hal.c.obj
                0x080025dc                HAL_Init
 .text.HAL_IncTick
                0x08002610       0x18 CMakeFiles/my_demo.elf.dir/Drivers/STM32F4xx_HAL_Driver/Src/stm32f4xx_hal.c.obj
                0x08002610                HAL_IncTick
 .text.HAL_GetTick
                0x08002628        0xc CMakeFiles/my_demo.elf.dir/Drivers/STM32F4xx_HAL_Driver/Src/stm32f4xx_hal.c.obj
                0x08002628                HAL_GetTick
 .text.HAL_Delay
                0x08002634       0x28 CMakeFiles/my_demo.elf.dir/Drivers/STM32F4xx_HAL_Driver/Src/stm32f4xx_hal.c.obj
                0x08002634                HAL_Delay
 .text.HAL_CAN_Init
                0x0800265c      0x14c CMakeFiles/my_demo.elf.dir/Drivers/STM32F4xx_HAL_Driver/Src/stm32f4xx_hal_can.c.obj
                0x0800265c                HAL_CAN_Init
 .text.HAL_CAN_ConfigFilter
                0x080027a8      0x13c CMakeFiles/my_demo.elf.dir/Drivers/STM32F4xx_HAL_Driver/Src/stm32f4xx_hal_can.c.obj
                0x080027a8                HAL_CAN_ConfigFilter
 .text.HAL_CAN_Start
                0x080028e4       0x5c CMakeFiles/my_demo.elf.dir/Drivers/STM32F4xx_HAL_Driver/Src/stm32f4xx_hal_can.c.obj
                0x080028e4                HAL_CAN_Start
 .text.HAL_CAN_AddTxMessage
                0x08002940       0xfc CMakeFiles/my_demo.elf.dir/Drivers/STM32F4xx_HAL_Driver/Src/stm32f4xx_hal_can.c.obj
                0x08002940                HAL_CAN_AddTxMessage
 .text.HAL_CAN_GetRxMessage
                0x08002a3c      0x156 CMakeFiles/my_demo.elf.dir/Drivers/STM32F4xx_HAL_Driver/Src/stm32f4xx_hal_can.c.obj
                0x08002a3c                HAL_CAN_GetRxMessage
 .text.HAL_CAN_ActivateNotification
                0x08002b92       0x24 CMakeFiles/my_demo.elf.dir/Drivers/STM32F4xx_HAL_Driver/Src/stm32f4xx_hal_can.c.obj
                0x08002b92                HAL_CAN_ActivateNotification
 .text.HAL_CAN_TxMailbox0CompleteCallback
                0x08002bb6        0x2 CMakeFiles/my_demo.elf.dir/Drivers/STM32F4xx_HAL_Driver/Src/stm32f4xx_hal_can.c.obj
                0x08002bb6                HAL_CAN_TxMailbox0CompleteCallback
 .text.HAL_CAN_TxMailbox1CompleteCallback
                0x08002bb8        0x2 CMakeFiles/my_demo.elf.dir/Drivers/STM32F4xx_HAL_Driver/Src/stm32f4xx_hal_can.c.obj
                0x08002bb8                HAL_CAN_TxMailbox1CompleteCallback
 .text.HAL_CAN_TxMailbox2CompleteCallback
                0x08002bba        0x2 CMakeFiles/my_demo.elf.dir/Drivers/STM32F4xx_HAL_Driver/Src/stm32f4xx_hal_can.c.obj
                0x08002bba                HAL_CAN_TxMailbox2CompleteCallback
 .text.HAL_CAN_TxMailbox0AbortCallback
                0x08002bbc        0x2 CMakeFiles/my_demo.elf.dir/Drivers/STM32F4xx_HAL_Driver/Src/stm32f4xx_hal_can.c.obj
                0x08002bbc                HAL_CAN_TxMailbox0AbortCallback
 .text.HAL_CAN_TxMailbox1AbortCallback
                0x08002bbe        0x2 CMakeFiles/my_demo.elf.dir/Drivers/STM32F4xx_HAL_Driver/Src/stm32f4xx_hal_can.c.obj
                0x08002bbe                HAL_CAN_TxMailbox1AbortCallback
 .text.HAL_CAN_TxMailbox2AbortCallback
                0x08002bc0        0x2 CMakeFiles/my_demo.elf.dir/Drivers/STM32F4xx_HAL_Driver/Src/stm32f4xx_hal_can.c.obj
                0x08002bc0                HAL_CAN_TxMailbox2AbortCallback
 .text.HAL_CAN_RxFifo0FullCallback
                0x08002bc2        0x2 CMakeFiles/my_demo.elf.dir/Drivers/STM32F4xx_HAL_Driver/Src/stm32f4xx_hal_can.c.obj
                0x08002bc2                HAL_CAN_RxFifo0FullCallback
 .text.HAL_CAN_RxFifo1MsgPendingCallback
                0x08002bc4        0x2 CMakeFiles/my_demo.elf.dir/Drivers/STM32F4xx_HAL_Driver/Src/stm32f4xx_hal_can.c.obj
                0x08002bc4                HAL_CAN_RxFifo1MsgPendingCallback
 .text.HAL_CAN_RxFifo1FullCallback
                0x08002bc6        0x2 CMakeFiles/my_demo.elf.dir/Drivers/STM32F4xx_HAL_Driver/Src/stm32f4xx_hal_can.c.obj
                0x08002bc6                HAL_CAN_RxFifo1FullCallback
 .text.HAL_CAN_SleepCallback
                0x08002bc8        0x2 CMakeFiles/my_demo.elf.dir/Drivers/STM32F4xx_HAL_Driver/Src/stm32f4xx_hal_can.c.obj
                0x08002bc8                HAL_CAN_SleepCallback
 .text.HAL_CAN_WakeUpFromRxMsgCallback
                0x08002bca        0x2 CMakeFiles/my_demo.elf.dir/Drivers/STM32F4xx_HAL_Driver/Src/stm32f4xx_hal_can.c.obj
                0x08002bca                HAL_CAN_WakeUpFromRxMsgCallback
 .text.HAL_CAN_ErrorCallback
                0x08002bcc        0x2 CMakeFiles/my_demo.elf.dir/Drivers/STM32F4xx_HAL_Driver/Src/stm32f4xx_hal_can.c.obj
                0x08002bcc                HAL_CAN_ErrorCallback
 .text.HAL_CAN_IRQHandler
                0x08002bce      0x24a CMakeFiles/my_demo.elf.dir/Drivers/STM32F4xx_HAL_Driver/Src/stm32f4xx_hal_can.c.obj
                0x08002bce                HAL_CAN_IRQHandler
 .text.HAL_NVIC_SetPriorityGrouping
                0x08002e18       0x24 CMakeFiles/my_demo.elf.dir/Drivers/STM32F4xx_HAL_Driver/Src/stm32f4xx_hal_cortex.c.obj
                0x08002e18                HAL_NVIC_SetPriorityGrouping
 .text.HAL_NVIC_SetPriority
                0x08002e3c       0x70 CMakeFiles/my_demo.elf.dir/Drivers/STM32F4xx_HAL_Driver/Src/stm32f4xx_hal_cortex.c.obj
                0x08002e3c                HAL_NVIC_SetPriority
 .text.HAL_NVIC_EnableIRQ
                0x08002eac       0x1c CMakeFiles/my_demo.elf.dir/Drivers/STM32F4xx_HAL_Driver/Src/stm32f4xx_hal_cortex.c.obj
                0x08002eac                HAL_NVIC_EnableIRQ
 .text.HAL_SYSTICK_Config
                0x08002ec8       0x28 CMakeFiles/my_demo.elf.dir/Drivers/STM32F4xx_HAL_Driver/Src/stm32f4xx_hal_cortex.c.obj
                0x08002ec8                HAL_SYSTICK_Config
 .text.DMA_SetConfig
                0x08002ef0       0x2c CMakeFiles/my_demo.elf.dir/Drivers/STM32F4xx_HAL_Driver/Src/stm32f4xx_hal_dma.c.obj
 .text.DMA_CalcBaseAndBitshift
                0x08002f1c       0x40 CMakeFiles/my_demo.elf.dir/Drivers/STM32F4xx_HAL_Driver/Src/stm32f4xx_hal_dma.c.obj
 .text.DMA_CheckFifoParam
                0x08002f5c       0x8e CMakeFiles/my_demo.elf.dir/Drivers/STM32F4xx_HAL_Driver/Src/stm32f4xx_hal_dma.c.obj
 *fill*         0x08002fea        0x2 
 .text.HAL_DMA_Init
                0x08002fec       0xcc CMakeFiles/my_demo.elf.dir/Drivers/STM32F4xx_HAL_Driver/Src/stm32f4xx_hal_dma.c.obj
                0x08002fec                HAL_DMA_Init
 .text.HAL_DMA_Start_IT
                0x080030b8       0x6a CMakeFiles/my_demo.elf.dir/Drivers/STM32F4xx_HAL_Driver/Src/stm32f4xx_hal_dma.c.obj
                0x080030b8                HAL_DMA_Start_IT
 .text.HAL_DMA_Abort
                0x08003122       0x94 CMakeFiles/my_demo.elf.dir/Drivers/STM32F4xx_HAL_Driver/Src/stm32f4xx_hal_dma.c.obj
                0x08003122                HAL_DMA_Abort
 .text.HAL_DMA_Abort_IT
                0x080031b6       0x26 CMakeFiles/my_demo.elf.dir/Drivers/STM32F4xx_HAL_Driver/Src/stm32f4xx_hal_dma.c.obj
                0x080031b6                HAL_DMA_Abort_IT
 .text.HAL_DMA_IRQHandler
                0x080031dc      0x1dc CMakeFiles/my_demo.elf.dir/Drivers/STM32F4xx_HAL_Driver/Src/stm32f4xx_hal_dma.c.obj
                0x080031dc                HAL_DMA_IRQHandler
 .text.HAL_GPIO_Init
                0x080033b8      0x1fc CMakeFiles/my_demo.elf.dir/Drivers/STM32F4xx_HAL_Driver/Src/stm32f4xx_hal_gpio.c.obj
                0x080033b8                HAL_GPIO_Init
 .text.HAL_GPIO_WritePin
                0x080035b4        0xc CMakeFiles/my_demo.elf.dir/Drivers/STM32F4xx_HAL_Driver/Src/stm32f4xx_hal_gpio.c.obj
                0x080035b4                HAL_GPIO_WritePin
 .text.HAL_GPIO_EXTI_IRQHandler
                0x080035c0       0x1c CMakeFiles/my_demo.elf.dir/Drivers/STM32F4xx_HAL_Driver/Src/stm32f4xx_hal_gpio.c.obj
                0x080035c0                HAL_GPIO_EXTI_IRQHandler
 .text.HAL_RCC_OscConfig
                0x080035dc      0x3f8 CMakeFiles/my_demo.elf.dir/Drivers/STM32F4xx_HAL_Driver/Src/stm32f4xx_hal_rcc.c.obj
                0x080035dc                HAL_RCC_OscConfig
 .text.HAL_RCC_GetSysClockFreq
                0x080039d4       0xa4 CMakeFiles/my_demo.elf.dir/Drivers/STM32F4xx_HAL_Driver/Src/stm32f4xx_hal_rcc.c.obj
                0x080039d4                HAL_RCC_GetSysClockFreq
 .text.HAL_RCC_ClockConfig
                0x08003a78      0x160 CMakeFiles/my_demo.elf.dir/Drivers/STM32F4xx_HAL_Driver/Src/stm32f4xx_hal_rcc.c.obj
                0x08003a78                HAL_RCC_ClockConfig
 .text.HAL_RCC_GetHCLKFreq
                0x08003bd8        0xc CMakeFiles/my_demo.elf.dir/Drivers/STM32F4xx_HAL_Driver/Src/stm32f4xx_hal_rcc.c.obj
                0x08003bd8                HAL_RCC_GetHCLKFreq
 .text.HAL_RCC_GetPCLK1Freq
                0x08003be4       0x20 CMakeFiles/my_demo.elf.dir/Drivers/STM32F4xx_HAL_Driver/Src/stm32f4xx_hal_rcc.c.obj
                0x08003be4                HAL_RCC_GetPCLK1Freq
 .text.HAL_RCC_GetPCLK2Freq
                0x08003c04       0x20 CMakeFiles/my_demo.elf.dir/Drivers/STM32F4xx_HAL_Driver/Src/stm32f4xx_hal_rcc.c.obj
                0x08003c04                HAL_RCC_GetPCLK2Freq
 .text.TIM_TI1_ConfigInputStage
                0x08003c24       0x24 CMakeFiles/my_demo.elf.dir/Drivers/STM32F4xx_HAL_Driver/Src/stm32f4xx_hal_tim.c.obj
 .text.TIM_TI2_ConfigInputStage
                0x08003c48       0x26 CMakeFiles/my_demo.elf.dir/Drivers/STM32F4xx_HAL_Driver/Src/stm32f4xx_hal_tim.c.obj
 .text.TIM_ITRx_SetConfig
                0x08003c6e       0x10 CMakeFiles/my_demo.elf.dir/Drivers/STM32F4xx_HAL_Driver/Src/stm32f4xx_hal_tim.c.obj
 *fill*         0x08003c7e        0x2 
 .text.HAL_TIM_Base_Start_IT
                0x08003c80       0x88 CMakeFiles/my_demo.elf.dir/Drivers/STM32F4xx_HAL_Driver/Src/stm32f4xx_hal_tim.c.obj
                0x08003c80                HAL_TIM_Base_Start_IT
 .text.HAL_TIM_OC_DelayElapsedCallback
                0x08003d08        0x2 CMakeFiles/my_demo.elf.dir/Drivers/STM32F4xx_HAL_Driver/Src/stm32f4xx_hal_tim.c.obj
                0x08003d08                HAL_TIM_OC_DelayElapsedCallback
 .text.HAL_TIM_IC_CaptureCallback
                0x08003d0a        0x2 CMakeFiles/my_demo.elf.dir/Drivers/STM32F4xx_HAL_Driver/Src/stm32f4xx_hal_tim.c.obj
                0x08003d0a                HAL_TIM_IC_CaptureCallback
 .text.HAL_TIM_PWM_PulseFinishedCallback
                0x08003d0c        0x2 CMakeFiles/my_demo.elf.dir/Drivers/STM32F4xx_HAL_Driver/Src/stm32f4xx_hal_tim.c.obj
                0x08003d0c                HAL_TIM_PWM_PulseFinishedCallback
 .text.HAL_TIM_TriggerCallback
                0x08003d0e        0x2 CMakeFiles/my_demo.elf.dir/Drivers/STM32F4xx_HAL_Driver/Src/stm32f4xx_hal_tim.c.obj
                0x08003d0e                HAL_TIM_TriggerCallback
 .text.HAL_TIM_IRQHandler
                0x08003d10      0x17a CMakeFiles/my_demo.elf.dir/Drivers/STM32F4xx_HAL_Driver/Src/stm32f4xx_hal_tim.c.obj
                0x08003d10                HAL_TIM_IRQHandler
 *fill*         0x08003e8a        0x2 
 .text.TIM_Base_SetConfig
                0x08003e8c       0xc8 CMakeFiles/my_demo.elf.dir/Drivers/STM32F4xx_HAL_Driver/Src/stm32f4xx_hal_tim.c.obj
                0x08003e8c                TIM_Base_SetConfig
 .text.HAL_TIM_Base_Init
                0x08003f54       0x58 CMakeFiles/my_demo.elf.dir/Drivers/STM32F4xx_HAL_Driver/Src/stm32f4xx_hal_tim.c.obj
                0x08003f54                HAL_TIM_Base_Init
 .text.TIM_ETR_SetConfig
                0x08003fac       0x18 CMakeFiles/my_demo.elf.dir/Drivers/STM32F4xx_HAL_Driver/Src/stm32f4xx_hal_tim.c.obj
                0x08003fac                TIM_ETR_SetConfig
 .text.HAL_TIM_ConfigClockSource
                0x08003fc4       0xfe CMakeFiles/my_demo.elf.dir/Drivers/STM32F4xx_HAL_Driver/Src/stm32f4xx_hal_tim.c.obj
                0x08003fc4                HAL_TIM_ConfigClockSource
 *fill*         0x080040c2        0x2 
 .text.HAL_TIMEx_MasterConfigSynchronization
                0x080040c4       0x8c CMakeFiles/my_demo.elf.dir/Drivers/STM32F4xx_HAL_Driver/Src/stm32f4xx_hal_tim_ex.c.obj
                0x080040c4                HAL_TIMEx_MasterConfigSynchronization
 .text.HAL_TIMEx_CommutCallback
                0x08004150        0x2 CMakeFiles/my_demo.elf.dir/Drivers/STM32F4xx_HAL_Driver/Src/stm32f4xx_hal_tim_ex.c.obj
                0x08004150                HAL_TIMEx_CommutCallback
 .text.HAL_TIMEx_BreakCallback
                0x08004152        0x2 CMakeFiles/my_demo.elf.dir/Drivers/STM32F4xx_HAL_Driver/Src/stm32f4xx_hal_tim_ex.c.obj
                0x08004152                HAL_TIMEx_BreakCallback
 .text.UART_EndTxTransfer
                0x08004154       0x20 CMakeFiles/my_demo.elf.dir/Drivers/STM32F4xx_HAL_Driver/Src/stm32f4xx_hal_uart.c.obj
 .text.UART_EndRxTransfer
                0x08004174       0x5c CMakeFiles/my_demo.elf.dir/Drivers/STM32F4xx_HAL_Driver/Src/stm32f4xx_hal_uart.c.obj
 .text.UART_Transmit_IT
                0x080041d0       0x60 CMakeFiles/my_demo.elf.dir/Drivers/STM32F4xx_HAL_Driver/Src/stm32f4xx_hal_uart.c.obj
 .text.UART_SetConfig
                0x08004230      0x110 CMakeFiles/my_demo.elf.dir/Drivers/STM32F4xx_HAL_Driver/Src/stm32f4xx_hal_uart.c.obj
 .text.HAL_UART_Init
                0x08004340       0x5e CMakeFiles/my_demo.elf.dir/Drivers/STM32F4xx_HAL_Driver/Src/stm32f4xx_hal_uart.c.obj
                0x08004340                HAL_UART_Init
 *fill*         0x0800439e        0x2 
 .text.HAL_UART_Transmit_DMA
                0x080043a0       0x9c CMakeFiles/my_demo.elf.dir/Drivers/STM32F4xx_HAL_Driver/Src/stm32f4xx_hal_uart.c.obj
                0x080043a0                HAL_UART_Transmit_DMA
 .text.HAL_UART_DMAStop
                0x0800443c       0x84 CMakeFiles/my_demo.elf.dir/Drivers/STM32F4xx_HAL_Driver/Src/stm32f4xx_hal_uart.c.obj
                0x0800443c                HAL_UART_DMAStop
 .text.HAL_UART_TxCpltCallback
                0x080044c0        0x2 CMakeFiles/my_demo.elf.dir/Drivers/STM32F4xx_HAL_Driver/Src/stm32f4xx_hal_uart.c.obj
                0x080044c0                HAL_UART_TxCpltCallback
 .text.UART_DMATransmitCplt
                0x080044c2       0x4c CMakeFiles/my_demo.elf.dir/Drivers/STM32F4xx_HAL_Driver/Src/stm32f4xx_hal_uart.c.obj
 .text.UART_EndTransmit_IT
                0x0800450e       0x1a CMakeFiles/my_demo.elf.dir/Drivers/STM32F4xx_HAL_Driver/Src/stm32f4xx_hal_uart.c.obj
 .text.HAL_UART_TxHalfCpltCallback
                0x08004528        0x2 CMakeFiles/my_demo.elf.dir/Drivers/STM32F4xx_HAL_Driver/Src/stm32f4xx_hal_uart.c.obj
                0x08004528                HAL_UART_TxHalfCpltCallback
 .text.UART_DMATxHalfCplt
                0x0800452a        0xa CMakeFiles/my_demo.elf.dir/Drivers/STM32F4xx_HAL_Driver/Src/stm32f4xx_hal_uart.c.obj
 .text.HAL_UART_RxCpltCallback
                0x08004534        0x2 CMakeFiles/my_demo.elf.dir/Drivers/STM32F4xx_HAL_Driver/Src/stm32f4xx_hal_uart.c.obj
                0x08004534                HAL_UART_RxCpltCallback
 .text.HAL_UART_RxHalfCpltCallback
                0x08004536        0x2 CMakeFiles/my_demo.elf.dir/Drivers/STM32F4xx_HAL_Driver/Src/stm32f4xx_hal_uart.c.obj
                0x08004536                HAL_UART_RxHalfCpltCallback
 .text.HAL_UART_ErrorCallback
                0x08004538        0x2 CMakeFiles/my_demo.elf.dir/Drivers/STM32F4xx_HAL_Driver/Src/stm32f4xx_hal_uart.c.obj
                0x08004538                HAL_UART_ErrorCallback
 .text.UART_DMAError
                0x0800453a       0x58 CMakeFiles/my_demo.elf.dir/Drivers/STM32F4xx_HAL_Driver/Src/stm32f4xx_hal_uart.c.obj
 .text.UART_DMAAbortOnError
                0x08004592       0x10 CMakeFiles/my_demo.elf.dir/Drivers/STM32F4xx_HAL_Driver/Src/stm32f4xx_hal_uart.c.obj
 .text.HAL_UARTEx_RxEventCallback
                0x080045a2        0x2 CMakeFiles/my_demo.elf.dir/Drivers/STM32F4xx_HAL_Driver/Src/stm32f4xx_hal_uart.c.obj
                0x080045a2                HAL_UARTEx_RxEventCallback
 .text.UART_Receive_IT
                0x080045a4       0xe2 CMakeFiles/my_demo.elf.dir/Drivers/STM32F4xx_HAL_Driver/Src/stm32f4xx_hal_uart.c.obj
 *fill*         0x08004686        0x2 
 .text.HAL_UART_IRQHandler
                0x08004688      0x280 CMakeFiles/my_demo.elf.dir/Drivers/STM32F4xx_HAL_Driver/Src/stm32f4xx_hal_uart.c.obj
                0x08004688                HAL_UART_IRQHandler
 .text.UART_DMARxHalfCplt
                0x08004908       0x1a CMakeFiles/my_demo.elf.dir/Drivers/STM32F4xx_HAL_Driver/Src/stm32f4xx_hal_uart.c.obj
 .text.UART_DMAReceiveCplt
                0x08004922       0x96 CMakeFiles/my_demo.elf.dir/Drivers/STM32F4xx_HAL_Driver/Src/stm32f4xx_hal_uart.c.obj
 .text.UART_Start_Receive_DMA
                0x080049b8       0xa8 CMakeFiles/my_demo.elf.dir/Drivers/STM32F4xx_HAL_Driver/Src/stm32f4xx_hal_uart.c.obj
                0x080049b8                UART_Start_Receive_DMA
 .text.HAL_UART_Receive_DMA
                0x08004a60       0x38 CMakeFiles/my_demo.elf.dir/Drivers/STM32F4xx_HAL_Driver/Src/stm32f4xx_hal_uart.c.obj
                0x08004a60                HAL_UART_Receive_DMA
 .text.__errno  0x08004a98        0xc d:/enviro~1/gcc-ar~1/102021~1.10/bin/../lib/gcc/arm-none-eabi/10.3.1/../../../../arm-none-eabi/lib/thumb/v7e-m/nofp\libg.a(lib_a-errno.o)
                0x08004a98                __errno
 .text.__libc_init_array
                0x08004aa4       0x48 d:/enviro~1/gcc-ar~1/102021~1.10/bin/../lib/gcc/arm-none-eabi/10.3.1/../../../../arm-none-eabi/lib/thumb/v7e-m/nofp\libg.a(lib_a-init.o)
                0x08004aa4                __libc_init_array
 .text.memset   0x08004aec       0xa4 d:/enviro~1/gcc-ar~1/102021~1.10/bin/../lib/gcc/arm-none-eabi/10.3.1/../../../../arm-none-eabi/lib/thumb/v7e-m/nofp\libg.a(lib_a-memset.o)
                0x08004aec                memset
 .text._strtod_l
                0x08004b90      0xf30 d:/enviro~1/gcc-ar~1/102021~1.10/bin/../lib/gcc/arm-none-eabi/10.3.1/../../../../arm-none-eabi/lib/thumb/v7e-m/nofp\libg.a(lib_a-strtod.o)
                0x08004b90                _strtod_l
 .text.strtof   0x08005ac0       0xa0 d:/enviro~1/gcc-ar~1/102021~1.10/bin/../lib/gcc/arm-none-eabi/10.3.1/../../../../arm-none-eabi/lib/thumb/v7e-m/nofp\libg.a(lib_a-strtod.o)
                0x08005ac0                strtof
 .text.vsnprintf
                0x08005b60       0x70 d:/enviro~1/gcc-ar~1/102021~1.10/bin/../lib/gcc/arm-none-eabi/10.3.1/../../../../arm-none-eabi/lib/thumb/v7e-m/nofp\libg.a(lib_a-vsnprintf.o)
                0x08005b60                vsnprintf
 .text.startup.register_fini
                0x08005bd0       0x14 d:/enviro~1/gcc-ar~1/102021~1.10/bin/../lib/gcc/arm-none-eabi/10.3.1/../../../../arm-none-eabi/lib/thumb/v7e-m/nofp\libg.a(lib_a-__call_atexit.o)
 .text.atexit   0x08005be4        0xc d:/enviro~1/gcc-ar~1/102021~1.10/bin/../lib/gcc/arm-none-eabi/10.3.1/../../../../arm-none-eabi/lib/thumb/v7e-m/nofp\libg.a(lib_a-atexit.o)
                0x08005be4                atexit
 .text.__libc_fini_array
                0x08005bf0       0x2c d:/enviro~1/gcc-ar~1/102021~1.10/bin/../lib/gcc/arm-none-eabi/10.3.1/../../../../arm-none-eabi/lib/thumb/v7e-m/nofp\libg.a(lib_a-fini.o)
                0x08005bf0                __libc_fini_array
 .text.rshift   0x08005c1c       0xa4 d:/enviro~1/gcc-ar~1/102021~1.10/bin/../lib/gcc/arm-none-eabi/10.3.1/../../../../arm-none-eabi/lib/thumb/v7e-m/nofp\libg.a(lib_a-gdtoa-gethex.o)
 .text.__gethex
                0x08005cc0      0x5bc d:/enviro~1/gcc-ar~1/102021~1.10/bin/../lib/gcc/arm-none-eabi/10.3.1/../../../../arm-none-eabi/lib/thumb/v7e-m/nofp\libg.a(lib_a-gdtoa-gethex.o)
                0x08005cc0                __gethex
 .text.__match  0x0800627c       0x34 d:/enviro~1/gcc-ar~1/102021~1.10/bin/../lib/gcc/arm-none-eabi/10.3.1/../../../../arm-none-eabi/lib/thumb/v7e-m/nofp\libg.a(lib_a-gdtoa-hexnan.o)
                0x0800627c                __match
 .text.__hexnan
                0x080062b0      0x1ac d:/enviro~1/gcc-ar~1/102021~1.10/bin/../lib/gcc/arm-none-eabi/10.3.1/../../../../arm-none-eabi/lib/thumb/v7e-m/nofp\libg.a(lib_a-gdtoa-hexnan.o)
                0x080062b0                __hexnan
 .text.__locale_mb_cur_max
                0x0800645c        0xc d:/enviro~1/gcc-ar~1/102021~1.10/bin/../lib/gcc/arm-none-eabi/10.3.1/../../../../arm-none-eabi/lib/thumb/v7e-m/nofp\libg.a(lib_a-locale.o)
                0x0800645c                __locale_mb_cur_max
 .text.__retarget_lock_init_recursive
                0x08006468        0x4 d:/enviro~1/gcc-ar~1/102021~1.10/bin/../lib/gcc/arm-none-eabi/10.3.1/../../../../arm-none-eabi/lib/thumb/v7e-m/nofp\libg.a(lib_a-lock.o)
                0x08006468                __retarget_lock_init_recursive
 .text.__retarget_lock_close_recursive
                0x0800646c        0x4 d:/enviro~1/gcc-ar~1/102021~1.10/bin/../lib/gcc/arm-none-eabi/10.3.1/../../../../arm-none-eabi/lib/thumb/v7e-m/nofp\libg.a(lib_a-lock.o)
                0x0800646c                __retarget_lock_close_recursive
 .text.__retarget_lock_acquire_recursive
                0x08006470        0x4 d:/enviro~1/gcc-ar~1/102021~1.10/bin/../lib/gcc/arm-none-eabi/10.3.1/../../../../arm-none-eabi/lib/thumb/v7e-m/nofp\libg.a(lib_a-lock.o)
                0x08006470                __retarget_lock_acquire_recursive
 .text.__retarget_lock_release_recursive
                0x08006474        0x4 d:/enviro~1/gcc-ar~1/102021~1.10/bin/../lib/gcc/arm-none-eabi/10.3.1/../../../../arm-none-eabi/lib/thumb/v7e-m/nofp\libg.a(lib_a-lock.o)
                0x08006474                __retarget_lock_release_recursive
 .text.__ascii_mbtowc
                0x08006478       0x2c d:/enviro~1/gcc-ar~1/102021~1.10/bin/../lib/gcc/arm-none-eabi/10.3.1/../../../../arm-none-eabi/lib/thumb/v7e-m/nofp\libg.a(lib_a-mbtowc_r.o)
                0x08006478                __ascii_mbtowc
 .text._Balloc  0x080064a4       0x4c d:/enviro~1/gcc-ar~1/102021~1.10/bin/../lib/gcc/arm-none-eabi/10.3.1/../../../../arm-none-eabi/lib/thumb/v7e-m/nofp\libg.a(lib_a-mprec.o)
                0x080064a4                _Balloc
 .text._Bfree   0x080064f0       0x14 d:/enviro~1/gcc-ar~1/102021~1.10/bin/../lib/gcc/arm-none-eabi/10.3.1/../../../../arm-none-eabi/lib/thumb/v7e-m/nofp\libg.a(lib_a-mprec.o)
                0x080064f0                _Bfree
 .text.__multadd
                0x08006504       0xa0 d:/enviro~1/gcc-ar~1/102021~1.10/bin/../lib/gcc/arm-none-eabi/10.3.1/../../../../arm-none-eabi/lib/thumb/v7e-m/nofp\libg.a(lib_a-mprec.o)
                0x08006504                __multadd
 .text.__s2b    0x080065a4       0xb4 d:/enviro~1/gcc-ar~1/102021~1.10/bin/../lib/gcc/arm-none-eabi/10.3.1/../../../../arm-none-eabi/lib/thumb/v7e-m/nofp\libg.a(lib_a-mprec.o)
                0x080065a4                __s2b
 .text.__hi0bits
                0x08006658       0x40 d:/enviro~1/gcc-ar~1/102021~1.10/bin/../lib/gcc/arm-none-eabi/10.3.1/../../../../arm-none-eabi/lib/thumb/v7e-m/nofp\libg.a(lib_a-mprec.o)
                0x08006658                __hi0bits
 .text.__lo0bits
                0x08006698       0x5c d:/enviro~1/gcc-ar~1/102021~1.10/bin/../lib/gcc/arm-none-eabi/10.3.1/../../../../arm-none-eabi/lib/thumb/v7e-m/nofp\libg.a(lib_a-mprec.o)
                0x08006698                __lo0bits
 .text.__i2b    0x080066f4       0x5c d:/enviro~1/gcc-ar~1/102021~1.10/bin/../lib/gcc/arm-none-eabi/10.3.1/../../../../arm-none-eabi/lib/thumb/v7e-m/nofp\libg.a(lib_a-mprec.o)
                0x080066f4                __i2b
 .text.__multiply
                0x08006750      0x15c d:/enviro~1/gcc-ar~1/102021~1.10/bin/../lib/gcc/arm-none-eabi/10.3.1/../../../../arm-none-eabi/lib/thumb/v7e-m/nofp\libg.a(lib_a-mprec.o)
                0x08006750                __multiply
 .text.__pow5mult
                0x080068ac       0xc0 d:/enviro~1/gcc-ar~1/102021~1.10/bin/../lib/gcc/arm-none-eabi/10.3.1/../../../../arm-none-eabi/lib/thumb/v7e-m/nofp\libg.a(lib_a-mprec.o)
                0x080068ac                __pow5mult
 .text.__lshift
                0x0800696c       0xf0 d:/enviro~1/gcc-ar~1/102021~1.10/bin/../lib/gcc/arm-none-eabi/10.3.1/../../../../arm-none-eabi/lib/thumb/v7e-m/nofp\libg.a(lib_a-mprec.o)
                0x0800696c                __lshift
 .text.__mcmp   0x08006a5c       0x40 d:/enviro~1/gcc-ar~1/102021~1.10/bin/../lib/gcc/arm-none-eabi/10.3.1/../../../../arm-none-eabi/lib/thumb/v7e-m/nofp\libg.a(lib_a-mprec.o)
                0x08006a5c                __mcmp
 .text.__mdiff  0x08006a9c      0x14c d:/enviro~1/gcc-ar~1/102021~1.10/bin/../lib/gcc/arm-none-eabi/10.3.1/../../../../arm-none-eabi/lib/thumb/v7e-m/nofp\libg.a(lib_a-mprec.o)
                0x08006a9c                __mdiff
 .text.__ulp    0x08006be8       0x44 d:/enviro~1/gcc-ar~1/102021~1.10/bin/../lib/gcc/arm-none-eabi/10.3.1/../../../../arm-none-eabi/lib/thumb/v7e-m/nofp\libg.a(lib_a-mprec.o)
                0x08006be8                __ulp
 .text.__b2d    0x08006c2c       0xd0 d:/enviro~1/gcc-ar~1/102021~1.10/bin/../lib/gcc/arm-none-eabi/10.3.1/../../../../arm-none-eabi/lib/thumb/v7e-m/nofp\libg.a(lib_a-mprec.o)
                0x08006c2c                __b2d
 .text.__d2b    0x08006cfc       0xc4 d:/enviro~1/gcc-ar~1/102021~1.10/bin/../lib/gcc/arm-none-eabi/10.3.1/../../../../arm-none-eabi/lib/thumb/v7e-m/nofp\libg.a(lib_a-mprec.o)
                0x08006cfc                __d2b
 .text.__ratio  0x08006dc0       0x5c d:/enviro~1/gcc-ar~1/102021~1.10/bin/../lib/gcc/arm-none-eabi/10.3.1/../../../../arm-none-eabi/lib/thumb/v7e-m/nofp\libg.a(lib_a-mprec.o)
                0x08006dc0                __ratio
 .text.__copybits
                0x08006e1c       0x5c d:/enviro~1/gcc-ar~1/102021~1.10/bin/../lib/gcc/arm-none-eabi/10.3.1/../../../../arm-none-eabi/lib/thumb/v7e-m/nofp\libg.a(lib_a-mprec.o)
                0x08006e1c                __copybits
 .text.__any_on
                0x08006e78       0x60 d:/enviro~1/gcc-ar~1/102021~1.10/bin/../lib/gcc/arm-none-eabi/10.3.1/../../../../arm-none-eabi/lib/thumb/v7e-m/nofp\libg.a(lib_a-mprec.o)
                0x08006e78                __any_on
 .text.nan      0x08006ed8        0xc d:/enviro~1/gcc-ar~1/102021~1.10/bin/../lib/gcc/arm-none-eabi/10.3.1/../../../../arm-none-eabi/lib/thumb/v7e-m/nofp\libg.a(lib_a-s_nan.o)
                0x08006ed8                nan
 .text.nanf     0x08006ee4        0x8 d:/enviro~1/gcc-ar~1/102021~1.10/bin/../lib/gcc/arm-none-eabi/10.3.1/../../../../arm-none-eabi/lib/thumb/v7e-m/nofp\libg.a(lib_a-sf_nan.o)
                0x08006ee4                nanf
 .text.strncmp  0x08006eec       0x80 d:/enviro~1/gcc-ar~1/102021~1.10/bin/../lib/gcc/arm-none-eabi/10.3.1/../../../../arm-none-eabi/lib/thumb/v7e-m/nofp\libg.a(lib_a-strncmp.o)
                0x08006eec                strncmp
 .text._svfprintf_r
                0x08006f6c     0x1a3c d:/enviro~1/gcc-ar~1/102021~1.10/bin/../lib/gcc/arm-none-eabi/10.3.1/../../../../arm-none-eabi/lib/thumb/v7e-m/nofp\libg.a(lib_a-svfprintf.o)
                0x08006f6c                _svfprintf_r
 .text.__ascii_wctomb
                0x080089a8       0x1c d:/enviro~1/gcc-ar~1/102021~1.10/bin/../lib/gcc/arm-none-eabi/10.3.1/../../../../arm-none-eabi/lib/thumb/v7e-m/nofp\libg.a(lib_a-wctomb_r.o)
                0x080089a8                __ascii_wctomb
 .text.__register_exitproc
                0x080089c4       0x8c d:/enviro~1/gcc-ar~1/102021~1.10/bin/../lib/gcc/arm-none-eabi/10.3.1/../../../../arm-none-eabi/lib/thumb/v7e-m/nofp\libg.a(lib_a-__atexit.o)
                0x080089c4                __register_exitproc
 .text.__assert_func
                0x08008a50       0x40 d:/enviro~1/gcc-ar~1/102021~1.10/bin/../lib/gcc/arm-none-eabi/10.3.1/../../../../arm-none-eabi/lib/thumb/v7e-m/nofp\libg.a(lib_a-assert.o)
                0x08008a50                __assert_func
 .text._calloc_r
                0x08008a90       0x78 d:/enviro~1/gcc-ar~1/102021~1.10/bin/../lib/gcc/arm-none-eabi/10.3.1/../../../../arm-none-eabi/lib/thumb/v7e-m/nofp\libg.a(lib_a-callocr.o)
                0x08008a90                _calloc_r
 .text.quorem   0x08008b08      0x124 d:/enviro~1/gcc-ar~1/102021~1.10/bin/../lib/gcc/arm-none-eabi/10.3.1/../../../../arm-none-eabi/lib/thumb/v7e-m/nofp\libg.a(lib_a-dtoa.o)
 *fill*         0x08008c2c        0x4 
 .text._dtoa_r  0x08008c30      0xec4 d:/enviro~1/gcc-ar~1/102021~1.10/bin/../lib/gcc/arm-none-eabi/10.3.1/../../../../arm-none-eabi/lib/thumb/v7e-m/nofp\libg.a(lib_a-dtoa.o)
                0x08008c30                _dtoa_r
 .text.fiprintf
                0x08009af4       0x28 d:/enviro~1/gcc-ar~1/102021~1.10/bin/../lib/gcc/arm-none-eabi/10.3.1/../../../../arm-none-eabi/lib/thumb/v7e-m/nofp\libg.a(lib_a-fiprintf.o)
                0x08009af4                fiprintf
 .text._malloc_trim_r
                0x08009b1c       0xa0 d:/enviro~1/gcc-ar~1/102021~1.10/bin/../lib/gcc/arm-none-eabi/10.3.1/../../../../arm-none-eabi/lib/thumb/v7e-m/nofp\libg.a(lib_a-freer.o)
                0x08009b1c                _malloc_trim_r
 .text._free_r  0x08009bbc      0x20c d:/enviro~1/gcc-ar~1/102021~1.10/bin/../lib/gcc/arm-none-eabi/10.3.1/../../../../arm-none-eabi/lib/thumb/v7e-m/nofp\libg.a(lib_a-freer.o)
                0x08009bbc                _free_r
 .text._localeconv_r
                0x08009dc8        0x8 d:/enviro~1/gcc-ar~1/102021~1.10/bin/../lib/gcc/arm-none-eabi/10.3.1/../../../../arm-none-eabi/lib/thumb/v7e-m/nofp\libg.a(lib_a-localeconv.o)
                0x08009dc8                _localeconv_r
 .text._malloc_r
                0x08009dd0      0x560 d:/enviro~1/gcc-ar~1/102021~1.10/bin/../lib/gcc/arm-none-eabi/10.3.1/../../../../arm-none-eabi/lib/thumb/v7e-m/nofp\libg.a(lib_a-mallocr.o)
                0x08009dd0                _malloc_r
 .text.__malloc_lock
                0x0800a330        0xc d:/enviro~1/gcc-ar~1/102021~1.10/bin/../lib/gcc/arm-none-eabi/10.3.1/../../../../arm-none-eabi/lib/thumb/v7e-m/nofp\libg.a(lib_a-mlock.o)
                0x0800a330                __malloc_lock
 .text.__malloc_unlock
                0x0800a33c        0xc d:/enviro~1/gcc-ar~1/102021~1.10/bin/../lib/gcc/arm-none-eabi/10.3.1/../../../../arm-none-eabi/lib/thumb/v7e-m/nofp\libg.a(lib_a-mlock.o)
                0x0800a33c                __malloc_unlock
 .text.frexp    0x0800a348       0x70 d:/enviro~1/gcc-ar~1/102021~1.10/bin/../lib/gcc/arm-none-eabi/10.3.1/../../../../arm-none-eabi/lib/thumb/v7e-m/nofp\libg.a(lib_a-s_frexp.o)
                0x0800a348                frexp
 .text._sbrk_r  0x0800a3b8       0x24 d:/enviro~1/gcc-ar~1/102021~1.10/bin/../lib/gcc/arm-none-eabi/10.3.1/../../../../arm-none-eabi/lib/thumb/v7e-m/nofp\libg.a(lib_a-sbrkr.o)
                0x0800a3b8                _sbrk_r
 .text.strncpy  0x0800a3dc       0x64 d:/enviro~1/gcc-ar~1/102021~1.10/bin/../lib/gcc/arm-none-eabi/10.3.1/../../../../arm-none-eabi/lib/thumb/v7e-m/nofp\libg.a(lib_a-strncpy.o)
                0x0800a3dc                strncpy
 .text.__ssprint_r
                0x0800a440       0xf8 d:/enviro~1/gcc-ar~1/102021~1.10/bin/../lib/gcc/arm-none-eabi/10.3.1/../../../../arm-none-eabi/lib/thumb/v7e-m/nofp\libg.a(lib_a-svfiprintf.o)
                0x0800a440                __ssprint_r
 .text.__sprint_r.part.0
                0x0800a538       0x78 d:/enviro~1/gcc-ar~1/102021~1.10/bin/../lib/gcc/arm-none-eabi/10.3.1/../../../../arm-none-eabi/lib/thumb/v7e-m/nofp\libg.a(lib_a-vfiprintf.o)
 .text._vfiprintf_r
                0x0800a5b0      0xda0 d:/enviro~1/gcc-ar~1/102021~1.10/bin/../lib/gcc/arm-none-eabi/10.3.1/../../../../arm-none-eabi/lib/thumb/v7e-m/nofp\libg.a(lib_a-vfiprintf.o)
                0x0800a5b0                _vfiprintf_r
 .text.__sbprintf
                0x0800b350       0x80 d:/enviro~1/gcc-ar~1/102021~1.10/bin/../lib/gcc/arm-none-eabi/10.3.1/../../../../arm-none-eabi/lib/thumb/v7e-m/nofp\libg.a(lib_a-vfiprintf.o)
 .text.__swsetup_r
                0x0800b3d0       0xd4 d:/enviro~1/gcc-ar~1/102021~1.10/bin/../lib/gcc/arm-none-eabi/10.3.1/../../../../arm-none-eabi/lib/thumb/v7e-m/nofp\libg.a(lib_a-wsetup.o)
                0x0800b3d0                __swsetup_r
 .text.abort    0x0800b4a4       0x10 d:/enviro~1/gcc-ar~1/102021~1.10/bin/../lib/gcc/arm-none-eabi/10.3.1/../../../../arm-none-eabi/lib/thumb/v7e-m/nofp\libg.a(lib_a-abort.o)
                0x0800b4a4                abort
 .text.__sflush_r
                0x0800b4b4      0x120 d:/enviro~1/gcc-ar~1/102021~1.10/bin/../lib/gcc/arm-none-eabi/10.3.1/../../../../arm-none-eabi/lib/thumb/v7e-m/nofp\libg.a(lib_a-fflush.o)
                0x0800b4b4                __sflush_r
 .text._fflush_r
                0x0800b5d4       0x5c d:/enviro~1/gcc-ar~1/102021~1.10/bin/../lib/gcc/arm-none-eabi/10.3.1/../../../../arm-none-eabi/lib/thumb/v7e-m/nofp\libg.a(lib_a-fflush.o)
                0x0800b5d4                _fflush_r
 .text._cleanup_r
                0x0800b630        0xc d:/enviro~1/gcc-ar~1/102021~1.10/bin/../lib/gcc/arm-none-eabi/10.3.1/../../../../arm-none-eabi/lib/thumb/v7e-m/nofp\libg.a(lib_a-findfp.o)
                0x0800b630                _cleanup_r
 .text.__sinit  0x0800b63c      0x10c d:/enviro~1/gcc-ar~1/102021~1.10/bin/../lib/gcc/arm-none-eabi/10.3.1/../../../../arm-none-eabi/lib/thumb/v7e-m/nofp\libg.a(lib_a-findfp.o)
                0x0800b63c                __sinit
 .text.__sfp_lock_acquire
                0x0800b748        0xc d:/enviro~1/gcc-ar~1/102021~1.10/bin/../lib/gcc/arm-none-eabi/10.3.1/../../../../arm-none-eabi/lib/thumb/v7e-m/nofp\libg.a(lib_a-findfp.o)
                0x0800b748                __sfp_lock_acquire
 .text.__sfp_lock_release
                0x0800b754        0xc d:/enviro~1/gcc-ar~1/102021~1.10/bin/../lib/gcc/arm-none-eabi/10.3.1/../../../../arm-none-eabi/lib/thumb/v7e-m/nofp\libg.a(lib_a-findfp.o)
                0x0800b754                __sfp_lock_release
 .text.__fputwc
                0x0800b760       0xa8 d:/enviro~1/gcc-ar~1/102021~1.10/bin/../lib/gcc/arm-none-eabi/10.3.1/../../../../arm-none-eabi/lib/thumb/v7e-m/nofp\libg.a(lib_a-fputwc.o)
                0x0800b760                __fputwc
 .text._fputwc_r
                0x0800b808       0x68 d:/enviro~1/gcc-ar~1/102021~1.10/bin/../lib/gcc/arm-none-eabi/10.3.1/../../../../arm-none-eabi/lib/thumb/v7e-m/nofp\libg.a(lib_a-fputwc.o)
                0x0800b808                _fputwc_r
 .text.__sfvwrite_r
                0x0800b870      0x2e8 d:/enviro~1/gcc-ar~1/102021~1.10/bin/../lib/gcc/arm-none-eabi/10.3.1/../../../../arm-none-eabi/lib/thumb/v7e-m/nofp\libg.a(lib_a-fvwrite.o)
                0x0800b870                __sfvwrite_r
 .text._fwalk_reent
                0x0800bb58       0x48 d:/enviro~1/gcc-ar~1/102021~1.10/bin/../lib/gcc/arm-none-eabi/10.3.1/../../../../arm-none-eabi/lib/thumb/v7e-m/nofp\libg.a(lib_a-fwalk.o)
                0x0800bb58                _fwalk_reent
 .text.__smakebuf_r
                0x0800bba0       0xe0 d:/enviro~1/gcc-ar~1/102021~1.10/bin/../lib/gcc/arm-none-eabi/10.3.1/../../../../arm-none-eabi/lib/thumb/v7e-m/nofp\libg.a(lib_a-makebuf.o)
                0x0800bba0                __smakebuf_r
 .text.memmove  0x0800bc80       0xf8 d:/enviro~1/gcc-ar~1/102021~1.10/bin/../lib/gcc/arm-none-eabi/10.3.1/../../../../arm-none-eabi/lib/thumb/v7e-m/nofp\libg.a(lib_a-memmove.o)
                0x0800bc80                memmove
 .text._realloc_r
                0x0800bd78      0x3d8 d:/enviro~1/gcc-ar~1/102021~1.10/bin/../lib/gcc/arm-none-eabi/10.3.1/../../../../arm-none-eabi/lib/thumb/v7e-m/nofp\libg.a(lib_a-reallocr.o)
                0x0800bd78                _realloc_r
 .text.raise    0x0800c150       0x5c d:/enviro~1/gcc-ar~1/102021~1.10/bin/../lib/gcc/arm-none-eabi/10.3.1/../../../../arm-none-eabi/lib/thumb/v7e-m/nofp\libg.a(lib_a-signal.o)
                0x0800c150                raise
 .text._kill_r  0x0800c1ac       0x2c d:/enviro~1/gcc-ar~1/102021~1.10/bin/../lib/gcc/arm-none-eabi/10.3.1/../../../../arm-none-eabi/lib/thumb/v7e-m/nofp\libg.a(lib_a-signalr.o)
                0x0800c1ac                _kill_r
 .text._getpid_r
                0x0800c1d8        0x4 d:/enviro~1/gcc-ar~1/102021~1.10/bin/../lib/gcc/arm-none-eabi/10.3.1/../../../../arm-none-eabi/lib/thumb/v7e-m/nofp\libg.a(lib_a-signalr.o)
                0x0800c1d8                _getpid_r
 .text.__sread  0x0800c1dc       0x24 d:/enviro~1/gcc-ar~1/102021~1.10/bin/../lib/gcc/arm-none-eabi/10.3.1/../../../../arm-none-eabi/lib/thumb/v7e-m/nofp\libg.a(lib_a-stdio.o)
                0x0800c1dc                __sread
 .text.__swrite
                0x0800c200       0x40 d:/enviro~1/gcc-ar~1/102021~1.10/bin/../lib/gcc/arm-none-eabi/10.3.1/../../../../arm-none-eabi/lib/thumb/v7e-m/nofp\libg.a(lib_a-stdio.o)
                0x0800c200                __swrite
 .text.__sseek  0x0800c240       0x20 d:/enviro~1/gcc-ar~1/102021~1.10/bin/../lib/gcc/arm-none-eabi/10.3.1/../../../../arm-none-eabi/lib/thumb/v7e-m/nofp\libg.a(lib_a-stdio.o)
                0x0800c240                __sseek
 .text.__sclose
                0x0800c260        0x8 d:/enviro~1/gcc-ar~1/102021~1.10/bin/../lib/gcc/arm-none-eabi/10.3.1/../../../../arm-none-eabi/lib/thumb/v7e-m/nofp\libg.a(lib_a-stdio.o)
                0x0800c260                __sclose
 .text.__swbuf_r
                0x0800c268       0xb0 d:/enviro~1/gcc-ar~1/102021~1.10/bin/../lib/gcc/arm-none-eabi/10.3.1/../../../../arm-none-eabi/lib/thumb/v7e-m/nofp\libg.a(lib_a-wbuf.o)
                0x0800c268                __swbuf_r
 .text._wcrtomb_r
                0x0800c318       0x3c d:/enviro~1/gcc-ar~1/102021~1.10/bin/../lib/gcc/arm-none-eabi/10.3.1/../../../../arm-none-eabi/lib/thumb/v7e-m/nofp\libg.a(lib_a-wcrtomb.o)
                0x0800c318                _wcrtomb_r
 .text._write_r
                0x0800c354       0x2c d:/enviro~1/gcc-ar~1/102021~1.10/bin/../lib/gcc/arm-none-eabi/10.3.1/../../../../arm-none-eabi/lib/thumb/v7e-m/nofp\libg.a(lib_a-writer.o)
                0x0800c354                _write_r
 .text._close_r
                0x0800c380       0x24 d:/enviro~1/gcc-ar~1/102021~1.10/bin/../lib/gcc/arm-none-eabi/10.3.1/../../../../arm-none-eabi/lib/thumb/v7e-m/nofp\libg.a(lib_a-closer.o)
                0x0800c380                _close_r
 .text._fclose_r
                0x0800c3a4       0xcc d:/enviro~1/gcc-ar~1/102021~1.10/bin/../lib/gcc/arm-none-eabi/10.3.1/../../../../arm-none-eabi/lib/thumb/v7e-m/nofp\libg.a(lib_a-fclose.o)
                0x0800c3a4                _fclose_r
 .text._fstat_r
                0x0800c470       0x2c d:/enviro~1/gcc-ar~1/102021~1.10/bin/../lib/gcc/arm-none-eabi/10.3.1/../../../../arm-none-eabi/lib/thumb/v7e-m/nofp\libg.a(lib_a-fstatr.o)
                0x0800c470                _fstat_r
 .text._isatty_r
                0x0800c49c       0x24 d:/enviro~1/gcc-ar~1/102021~1.10/bin/../lib/gcc/arm-none-eabi/10.3.1/../../../../arm-none-eabi/lib/thumb/v7e-m/nofp\libg.a(lib_a-isattyr.o)
                0x0800c49c                _isatty_r
 .text._lseek_r
                0x0800c4c0       0x2c d:/enviro~1/gcc-ar~1/102021~1.10/bin/../lib/gcc/arm-none-eabi/10.3.1/../../../../arm-none-eabi/lib/thumb/v7e-m/nofp\libg.a(lib_a-lseekr.o)
                0x0800c4c0                _lseek_r
 .text._read_r  0x0800c4ec       0x2c d:/enviro~1/gcc-ar~1/102021~1.10/bin/../lib/gcc/arm-none-eabi/10.3.1/../../../../arm-none-eabi/lib/thumb/v7e-m/nofp\libg.a(lib_a-readr.o)
                0x0800c4ec                _read_r
 *(.glue_7)
 .glue_7        0x0800c518        0x0 linker stubs
 *(.glue_7t)
 .glue_7t       0x0800c518        0x0 linker stubs
 *(.eh_frame)
 .eh_frame      0x0800c518        0x0 d:/enviro~1/gcc-ar~1/102021~1.10/bin/../lib/gcc/arm-none-eabi/10.3.1/thumb/v7e-m/nofp/crtbegin.o
 *(.init)
 .init          0x0800c518        0x4 d:/enviro~1/gcc-ar~1/102021~1.10/bin/../lib/gcc/arm-none-eabi/10.3.1/thumb/v7e-m/nofp/crti.o
                0x0800c518                _init
 .init          0x0800c51c        0x8 d:/enviro~1/gcc-ar~1/102021~1.10/bin/../lib/gcc/arm-none-eabi/10.3.1/thumb/v7e-m/nofp/crtn.o
 *(.fini)
 .fini          0x0800c524        0x4 d:/enviro~1/gcc-ar~1/102021~1.10/bin/../lib/gcc/arm-none-eabi/10.3.1/thumb/v7e-m/nofp/crti.o
                0x0800c524                _fini
 .fini          0x0800c528        0x8 d:/enviro~1/gcc-ar~1/102021~1.10/bin/../lib/gcc/arm-none-eabi/10.3.1/thumb/v7e-m/nofp/crtn.o
                0x0800c530                . = ALIGN (0x4)
                0x0800c530                _etext = .

.vfp11_veneer   0x0800c530        0x0
 .vfp11_veneer  0x0800c530        0x0 linker stubs

.v4_bx          0x0800c530        0x0
 .v4_bx         0x0800c530        0x0 linker stubs

.iplt           0x0800c530        0x0
 .iplt          0x0800c530        0x0 d:/enviro~1/gcc-ar~1/102021~1.10/bin/../lib/gcc/arm-none-eabi/10.3.1/thumb/v7e-m/nofp/crtbegin.o

.rodata         0x0800c530      0x624
                0x0800c530                . = ALIGN (0x4)
 *(.rodata)
 *(.rodata*)
 .rodata.AHBPrescTable
                0x0800c530       0x10 CMakeFiles/my_demo.elf.dir/Core/Src/system_stm32f4xx.c.obj
                0x0800c530                AHBPrescTable
 .rodata.APBPrescTable
                0x0800c540        0x8 CMakeFiles/my_demo.elf.dir/Core/Src/system_stm32f4xx.c.obj
                0x0800c540                APBPrescTable
 .rodata.motor_test_control.str1.4
                0x0800c548        0xe CMakeFiles/my_demo.elf.dir/Core/bsp/motor.c.obj
 *fill*         0x0800c556        0x2 
 .rodata.flagBitshiftOffset.0
                0x0800c558        0x8 CMakeFiles/my_demo.elf.dir/Drivers/STM32F4xx_HAL_Driver/Src/stm32f4xx_hal_dma.c.obj
 .rodata._global_impure_ptr
                0x0800c560        0x4 d:/enviro~1/gcc-ar~1/102021~1.10/bin/../lib/gcc/arm-none-eabi/10.3.1/../../../../arm-none-eabi/lib/thumb/v7e-m/nofp\libg.a(lib_a-impure.o)
                0x0800c560                _global_impure_ptr
 .rodata._strtod_l.str1.4
                0x0800c564        0xf d:/enviro~1/gcc-ar~1/102021~1.10/bin/../lib/gcc/arm-none-eabi/10.3.1/../../../../arm-none-eabi/lib/thumb/v7e-m/nofp\libg.a(lib_a-strtod.o)
                                 0x11 (size before relaxing)
 *fill*         0x0800c573        0x1 
 .rodata.fpi.1  0x0800c574       0x14 d:/enviro~1/gcc-ar~1/102021~1.10/bin/../lib/gcc/arm-none-eabi/10.3.1/../../../../arm-none-eabi/lib/thumb/v7e-m/nofp\libg.a(lib_a-strtod.o)
 .rodata.fpinan.0
                0x0800c588       0x14 d:/enviro~1/gcc-ar~1/102021~1.10/bin/../lib/gcc/arm-none-eabi/10.3.1/../../../../arm-none-eabi/lib/thumb/v7e-m/nofp\libg.a(lib_a-strtod.o)
 *fill*         0x0800c59c        0x4 
 .rodata.tinytens
                0x0800c5a0       0x28 d:/enviro~1/gcc-ar~1/102021~1.10/bin/../lib/gcc/arm-none-eabi/10.3.1/../../../../arm-none-eabi/lib/thumb/v7e-m/nofp\libg.a(lib_a-strtod.o)
 .rodata.__gethex.str1.4
                0x0800c5c8       0x9a d:/enviro~1/gcc-ar~1/102021~1.10/bin/../lib/gcc/arm-none-eabi/10.3.1/../../../../arm-none-eabi/lib/thumb/v7e-m/nofp\libg.a(lib_a-gdtoa-gethex.o)
 *fill*         0x0800c662        0x2 
 .rodata.__hexdig
                0x0800c664      0x100 d:/enviro~1/gcc-ar~1/102021~1.10/bin/../lib/gcc/arm-none-eabi/10.3.1/../../../../arm-none-eabi/lib/thumb/v7e-m/nofp\libg.a(lib_a-gdtoa-gethex.o)
                0x0800c664                __hexdig
 .rodata.str1.4
                0x0800c764        0x2 d:/enviro~1/gcc-ar~1/102021~1.10/bin/../lib/gcc/arm-none-eabi/10.3.1/../../../../arm-none-eabi/lib/thumb/v7e-m/nofp\libg.a(lib_a-lnumeric.o)
                                  0x5 (size before relaxing)
 *fill*         0x0800c766        0x2 
 .rodata._C_numeric_locale
                0x0800c768        0xc d:/enviro~1/gcc-ar~1/102021~1.10/bin/../lib/gcc/arm-none-eabi/10.3.1/../../../../arm-none-eabi/lib/thumb/v7e-m/nofp\libg.a(lib_a-lnumeric.o)
                0x0800c768                _C_numeric_locale
 .rodata._setlocale_r.str1.4
                0x0800c774        0xa d:/enviro~1/gcc-ar~1/102021~1.10/bin/../lib/gcc/arm-none-eabi/10.3.1/../../../../arm-none-eabi/lib/thumb/v7e-m/nofp\libg.a(lib_a-locale.o)
                                  0xd (size before relaxing)
 .rodata.str1.4
                0x0800c77e        0x2 d:/enviro~1/gcc-ar~1/102021~1.10/bin/../lib/gcc/arm-none-eabi/10.3.1/../../../../arm-none-eabi/lib/thumb/v7e-m/nofp\libg.a(lib_a-locale.o)
 *fill*         0x0800c77e        0x2 
 .rodata.__multadd.str1.4
                0x0800c780       0x7f d:/enviro~1/gcc-ar~1/102021~1.10/bin/../lib/gcc/arm-none-eabi/10.3.1/../../../../arm-none-eabi/lib/thumb/v7e-m/nofp\libg.a(lib_a-mprec.o)
                                 0x93 (size before relaxing)
 *fill*         0x0800c7ff        0x1 
 .rodata.__mprec_bigtens
                0x0800c800       0x28 d:/enviro~1/gcc-ar~1/102021~1.10/bin/../lib/gcc/arm-none-eabi/10.3.1/../../../../arm-none-eabi/lib/thumb/v7e-m/nofp\libg.a(lib_a-mprec.o)
                0x0800c800                __mprec_bigtens
 .rodata.__mprec_tens
                0x0800c828       0xc8 d:/enviro~1/gcc-ar~1/102021~1.10/bin/../lib/gcc/arm-none-eabi/10.3.1/../../../../arm-none-eabi/lib/thumb/v7e-m/nofp\libg.a(lib_a-mprec.o)
                0x0800c828                __mprec_tens
 .rodata.p05.0  0x0800c8f0        0xc d:/enviro~1/gcc-ar~1/102021~1.10/bin/../lib/gcc/arm-none-eabi/10.3.1/../../../../arm-none-eabi/lib/thumb/v7e-m/nofp\libg.a(lib_a-mprec.o)
 .rodata._svfprintf_r.str1.4
                0x0800c8fc       0x42 d:/enviro~1/gcc-ar~1/102021~1.10/bin/../lib/gcc/arm-none-eabi/10.3.1/../../../../arm-none-eabi/lib/thumb/v7e-m/nofp\libg.a(lib_a-svfprintf.o)
 *fill*         0x0800c93e        0x2 
 .rodata.blanks.1
                0x0800c940       0x10 d:/enviro~1/gcc-ar~1/102021~1.10/bin/../lib/gcc/arm-none-eabi/10.3.1/../../../../arm-none-eabi/lib/thumb/v7e-m/nofp\libg.a(lib_a-svfprintf.o)
 .rodata.zeroes.0
                0x0800c950       0x10 d:/enviro~1/gcc-ar~1/102021~1.10/bin/../lib/gcc/arm-none-eabi/10.3.1/../../../../arm-none-eabi/lib/thumb/v7e-m/nofp\libg.a(lib_a-svfprintf.o)
 .rodata.__assert_func.str1.4
                0x0800c960       0x3f d:/enviro~1/gcc-ar~1/102021~1.10/bin/../lib/gcc/arm-none-eabi/10.3.1/../../../../arm-none-eabi/lib/thumb/v7e-m/nofp\libg.a(lib_a-assert.o)
                                 0x43 (size before relaxing)
 *fill*         0x0800c99f        0x1 
 .rodata._ctype_
                0x0800c9a0      0x101 d:/enviro~1/gcc-ar~1/102021~1.10/bin/../lib/gcc/arm-none-eabi/10.3.1/../../../../arm-none-eabi/lib/thumb/v7e-m/nofp\libg.a(lib_a-ctype_.o)
                0x0800c9a0                _ctype_
 *fill*         0x0800caa1        0x3 
 .rodata._dtoa_r.str1.4
                0x0800caa4       0x8e d:/enviro~1/gcc-ar~1/102021~1.10/bin/../lib/gcc/arm-none-eabi/10.3.1/../../../../arm-none-eabi/lib/thumb/v7e-m/nofp\libg.a(lib_a-dtoa.o)
                                 0xa6 (size before relaxing)
 .rodata._vfiprintf_r.str1.4
                0x0800cb32       0x2f d:/enviro~1/gcc-ar~1/102021~1.10/bin/../lib/gcc/arm-none-eabi/10.3.1/../../../../arm-none-eabi/lib/thumb/v7e-m/nofp\libg.a(lib_a-vfiprintf.o)
 *fill*         0x0800cb32        0x2 
 .rodata.blanks.1
                0x0800cb34       0x10 d:/enviro~1/gcc-ar~1/102021~1.10/bin/../lib/gcc/arm-none-eabi/10.3.1/../../../../arm-none-eabi/lib/thumb/v7e-m/nofp\libg.a(lib_a-vfiprintf.o)
 .rodata.zeroes.0
                0x0800cb44       0x10 d:/enviro~1/gcc-ar~1/102021~1.10/bin/../lib/gcc/arm-none-eabi/10.3.1/../../../../arm-none-eabi/lib/thumb/v7e-m/nofp\libg.a(lib_a-vfiprintf.o)
                0x0800cb54                . = ALIGN (0x4)

.ARM.extab      0x0800cb54        0x0
                0x0800cb54                . = ALIGN (0x4)
 *(.ARM.extab* .gnu.linkonce.armextab.*)
                0x0800cb54                . = ALIGN (0x4)

.ARM            0x0800cb54        0x8
                0x0800cb54                . = ALIGN (0x4)
                0x0800cb54                __exidx_start = .
 *(.ARM.exidx*)
 .ARM.exidx     0x0800cb54        0x8 d:/enviro~1/gcc-ar~1/102021~1.10/bin/../lib/gcc/arm-none-eabi/10.3.1/thumb/v7e-m/nofp\libgcc.a(_udivmoddi4.o)
                0x0800cb5c                __exidx_end = .
                0x0800cb5c                . = ALIGN (0x4)

.rel.dyn        0x0800cb5c        0x0
 .rel.iplt      0x0800cb5c        0x0 d:/enviro~1/gcc-ar~1/102021~1.10/bin/../lib/gcc/arm-none-eabi/10.3.1/thumb/v7e-m/nofp/crtbegin.o

.preinit_array  0x0800cb5c        0x0
                0x0800cb5c                . = ALIGN (0x4)
                0x0800cb5c                PROVIDE (__preinit_array_start = .)
 *(.preinit_array*)
                0x0800cb5c                PROVIDE (__preinit_array_end = .)
                0x0800cb5c                . = ALIGN (0x4)

.init_array     0x0800cb5c        0x8
                0x0800cb5c                . = ALIGN (0x4)
                0x0800cb5c                PROVIDE (__init_array_start = .)
 *(SORT_BY_NAME(.init_array.*))
 .init_array.00000
                0x0800cb5c        0x4 d:/enviro~1/gcc-ar~1/102021~1.10/bin/../lib/gcc/arm-none-eabi/10.3.1/../../../../arm-none-eabi/lib/thumb/v7e-m/nofp\libg.a(lib_a-__call_atexit.o)
 *(.init_array*)
 .init_array    0x0800cb60        0x4 d:/enviro~1/gcc-ar~1/102021~1.10/bin/../lib/gcc/arm-none-eabi/10.3.1/thumb/v7e-m/nofp/crtbegin.o
                0x0800cb64                PROVIDE (__init_array_end = .)
                0x0800cb64                . = ALIGN (0x4)

.fini_array     0x0800cb64        0x4
                0x0800cb64                . = ALIGN (0x4)
                0x0800cb64                PROVIDE (__fini_array_start = .)
 *(SORT_BY_NAME(.fini_array.*))
 *(.fini_array*)
 .fini_array    0x0800cb64        0x4 d:/enviro~1/gcc-ar~1/102021~1.10/bin/../lib/gcc/arm-none-eabi/10.3.1/thumb/v7e-m/nofp/crtbegin.o
                0x0800cb68                PROVIDE (__fini_array_end = .)
                0x0800cb68                . = ALIGN (0x4)
                0x0800cb68                _sidata = LOADADDR (.data)

.data           0x20000000      0x9bc load address 0x0800cb68
                0x20000000                . = ALIGN (0x4)
                0x20000000                _sdata = .
 *(.data)
 *(.data*)
 .data.SystemCoreClock
                0x20000000        0x4 CMakeFiles/my_demo.elf.dir/Core/Src/system_stm32f4xx.c.obj
                0x20000000                SystemCoreClock
 .data.uwTickFreq
                0x20000004        0x1 CMakeFiles/my_demo.elf.dir/Drivers/STM32F4xx_HAL_Driver/Src/stm32f4xx_hal.c.obj
                0x20000004                uwTickFreq
 *fill*         0x20000005        0x3 
 .data.uwTickPrio
                0x20000008        0x4 CMakeFiles/my_demo.elf.dir/Drivers/STM32F4xx_HAL_Driver/Src/stm32f4xx_hal.c.obj
                0x20000008                uwTickPrio
 .data._impure_ptr
                0x2000000c        0x4 d:/enviro~1/gcc-ar~1/102021~1.10/bin/../lib/gcc/arm-none-eabi/10.3.1/../../../../arm-none-eabi/lib/thumb/v7e-m/nofp\libg.a(lib_a-impure.o)
                0x2000000c                _impure_ptr
 .data.impure_data
                0x20000010      0x428 d:/enviro~1/gcc-ar~1/102021~1.10/bin/../lib/gcc/arm-none-eabi/10.3.1/../../../../arm-none-eabi/lib/thumb/v7e-m/nofp\libg.a(lib_a-impure.o)
 .data.__atexit_recursive_mutex
                0x20000438        0x4 d:/enviro~1/gcc-ar~1/102021~1.10/bin/../lib/gcc/arm-none-eabi/10.3.1/../../../../arm-none-eabi/lib/thumb/v7e-m/nofp\libg.a(lib_a-__call_atexit.o)
                0x20000438                __atexit_recursive_mutex
 .data.numempty
                0x2000043c        0x2 d:/enviro~1/gcc-ar~1/102021~1.10/bin/../lib/gcc/arm-none-eabi/10.3.1/../../../../arm-none-eabi/lib/thumb/v7e-m/nofp\libg.a(lib_a-lnumeric.o)
 *fill*         0x2000043e        0x2 
 .data.__global_locale
                0x20000440      0x16c d:/enviro~1/gcc-ar~1/102021~1.10/bin/../lib/gcc/arm-none-eabi/10.3.1/../../../../arm-none-eabi/lib/thumb/v7e-m/nofp\libg.a(lib_a-locale.o)
                0x20000440                __global_locale
 .data.__malloc_av_
                0x200005ac      0x408 d:/enviro~1/gcc-ar~1/102021~1.10/bin/../lib/gcc/arm-none-eabi/10.3.1/../../../../arm-none-eabi/lib/thumb/v7e-m/nofp\libg.a(lib_a-mallocr.o)
                0x200005ac                __malloc_av_
 .data.__malloc_sbrk_base
                0x200009b4        0x4 d:/enviro~1/gcc-ar~1/102021~1.10/bin/../lib/gcc/arm-none-eabi/10.3.1/../../../../arm-none-eabi/lib/thumb/v7e-m/nofp\libg.a(lib_a-mallocr.o)
                0x200009b4                __malloc_sbrk_base
 .data.__malloc_trim_threshold
                0x200009b8        0x4 d:/enviro~1/gcc-ar~1/102021~1.10/bin/../lib/gcc/arm-none-eabi/10.3.1/../../../../arm-none-eabi/lib/thumb/v7e-m/nofp\libg.a(lib_a-mallocr.o)
                0x200009b8                __malloc_trim_threshold
 *(.RamFunc)
 *(.RamFunc*)
                0x200009bc                . = ALIGN (0x4)
                0x200009bc                _edata = .
                0x0800d524                _siccmram = LOADADDR (.ccmram)

.igot.plt       0x200009bc        0x0 load address 0x0800d524
 .igot.plt      0x200009bc        0x0 d:/enviro~1/gcc-ar~1/102021~1.10/bin/../lib/gcc/arm-none-eabi/10.3.1/thumb/v7e-m/nofp/crtbegin.o

.ccmram         0x10000000        0x0 load address 0x0800d524
                0x10000000                . = ALIGN (0x4)
                0x10000000                _sccmram = .
 *(.ccmram)
 *(.ccmram*)
                0x10000000                . = ALIGN (0x4)
                0x10000000                _eccmram = .
                0x10000000                . = ALIGN (0x4)

.bss            0x200009bc      0x7f8
                0x200009bc                _sbss = .
                0x200009bc                __bss_start__ = _sbss
 *(.bss)
 .bss           0x200009bc       0x1c d:/enviro~1/gcc-ar~1/102021~1.10/bin/../lib/gcc/arm-none-eabi/10.3.1/thumb/v7e-m/nofp/crtbegin.o
 *(.bss*)
 .bss.HAL_RCC_CAN1_CLK_ENABLED
                0x200009d8        0x4 CMakeFiles/my_demo.elf.dir/Core/Src/can.c.obj
 .bss.hcan1     0x200009dc       0x28 CMakeFiles/my_demo.elf.dir/Core/Src/can.c.obj
                0x200009dc                hcan1
 .bss.hcan2     0x20000a04       0x28 CMakeFiles/my_demo.elf.dir/Core/Src/can.c.obj
                0x20000a04                hcan2
 .bss.__sbrk_heap_end
                0x20000a2c        0x4 CMakeFiles/my_demo.elf.dir/Core/Src/sysmem.c.obj
 .bss.htim5     0x20000a30       0x48 CMakeFiles/my_demo.elf.dir/Core/Src/tim.c.obj
                0x20000a30                htim5
 .bss.hdma_usart6_rx
                0x20000a78       0x60 CMakeFiles/my_demo.elf.dir/Core/Src/usart.c.obj
                0x20000a78                hdma_usart6_rx
 .bss.hdma_usart6_tx
                0x20000ad8       0x60 CMakeFiles/my_demo.elf.dir/Core/Src/usart.c.obj
                0x20000ad8                hdma_usart6_tx
 .bss.huart6    0x20000b38       0x44 CMakeFiles/my_demo.elf.dir/Core/Src/usart.c.obj
                0x20000b38                huart6
 .bss.CANx_send_data
                0x20000b7c        0x8 CMakeFiles/my_demo.elf.dir/Core/bsp/bsp_can.c.obj
 .bss.CANx_tx_message
                0x20000b84       0x18 CMakeFiles/my_demo.elf.dir/Core/bsp/bsp_can.c.obj
 .bss.Motor_measure
                0x20000b9c      0x118 CMakeFiles/my_demo.elf.dir/Core/bsp/bsp_can.c.obj
                0x20000b9c                Motor_measure
 .bss.i.0       0x20000cb4        0x1 CMakeFiles/my_demo.elf.dir/Core/bsp/bsp_can.c.obj
 *fill*         0x20000cb5        0x3 
 .bss.test_motor
                0x20000cb8       0x14 CMakeFiles/my_demo.elf.dir/Core/bsp/bsp_can.c.obj
                0x20000cb8                test_motor
 .bss.debugBuff
                0x20000ccc       0xff CMakeFiles/my_demo.elf.dir/Core/bsp/debugc.c.obj
                0x20000ccc                debugBuff
 *fill*         0x20000dcb        0x1 
 .bss.debugParam
                0x20000dcc       0x3c CMakeFiles/my_demo.elf.dir/Core/bsp/debugc.c.obj
                0x20000dcc                debugParam
 .bss.debugRvBuff
                0x20000e08       0xff CMakeFiles/my_demo.elf.dir/Core/bsp/debugc.c.obj
                0x20000e08                debugRvBuff
 *fill*         0x20000f07        0x1 
 .bss.pEnd      0x20000f08        0x4 CMakeFiles/my_demo.elf.dir/Core/bsp/debugc.c.obj
                0x20000f08                pEnd
 .bss.send_buf  0x20000f0c      0x200 CMakeFiles/my_demo.elf.dir/Core/bsp/debugc.c.obj
                0x20000f0c                send_buf
 .bss.start_flag
                0x2000110c        0x2 CMakeFiles/my_demo.elf.dir/Core/bsp/debugc.c.obj
                0x2000110c                start_flag
 *fill*         0x2000110e        0x2 
 .bss.motor_speed_test
                0x20001110       0x54 CMakeFiles/my_demo.elf.dir/Core/bsp/motor.c.obj
                0x20001110                motor_speed_test
 .bss.run_flag  0x20001164        0x4 CMakeFiles/my_demo.elf.dir/Core/bsp/motor.c.obj
                0x20001164                run_flag
 .bss.uwTick    0x20001168        0x4 CMakeFiles/my_demo.elf.dir/Drivers/STM32F4xx_HAL_Driver/Src/stm32f4xx_hal.c.obj
                0x20001168                uwTick
 .bss.__lock___atexit_recursive_mutex
                0x2000116c        0x1 d:/enviro~1/gcc-ar~1/102021~1.10/bin/../lib/gcc/arm-none-eabi/10.3.1/../../../../arm-none-eabi/lib/thumb/v7e-m/nofp\libg.a(lib_a-lock.o)
                0x2000116c                __lock___atexit_recursive_mutex
 *fill*         0x2000116d        0x3 
 .bss.__lock___malloc_recursive_mutex
                0x20001170        0x1 d:/enviro~1/gcc-ar~1/102021~1.10/bin/../lib/gcc/arm-none-eabi/10.3.1/../../../../arm-none-eabi/lib/thumb/v7e-m/nofp\libg.a(lib_a-lock.o)
                0x20001170                __lock___malloc_recursive_mutex
 *fill*         0x20001171        0x3 
 .bss.__lock___sfp_recursive_mutex
                0x20001174        0x1 d:/enviro~1/gcc-ar~1/102021~1.10/bin/../lib/gcc/arm-none-eabi/10.3.1/../../../../arm-none-eabi/lib/thumb/v7e-m/nofp\libg.a(lib_a-lock.o)
                0x20001174                __lock___sfp_recursive_mutex
 *fill*         0x20001175        0x3 
 .bss.__lock___sinit_recursive_mutex
                0x20001178        0x1 d:/enviro~1/gcc-ar~1/102021~1.10/bin/../lib/gcc/arm-none-eabi/10.3.1/../../../../arm-none-eabi/lib/thumb/v7e-m/nofp\libg.a(lib_a-lock.o)
                0x20001178                __lock___sinit_recursive_mutex
 *fill*         0x20001179        0x3 
 .bss.__malloc_current_mallinfo
                0x2000117c       0x28 d:/enviro~1/gcc-ar~1/102021~1.10/bin/../lib/gcc/arm-none-eabi/10.3.1/../../../../arm-none-eabi/lib/thumb/v7e-m/nofp\libg.a(lib_a-mallocr.o)
                0x2000117c                __malloc_current_mallinfo
 .bss.__malloc_max_sbrked_mem
                0x200011a4        0x4 d:/enviro~1/gcc-ar~1/102021~1.10/bin/../lib/gcc/arm-none-eabi/10.3.1/../../../../arm-none-eabi/lib/thumb/v7e-m/nofp\libg.a(lib_a-mallocr.o)
                0x200011a4                __malloc_max_sbrked_mem
 .bss.__malloc_max_total_mem
                0x200011a8        0x4 d:/enviro~1/gcc-ar~1/102021~1.10/bin/../lib/gcc/arm-none-eabi/10.3.1/../../../../arm-none-eabi/lib/thumb/v7e-m/nofp\libg.a(lib_a-mallocr.o)
                0x200011a8                __malloc_max_total_mem
 .bss.__malloc_top_pad
                0x200011ac        0x4 d:/enviro~1/gcc-ar~1/102021~1.10/bin/../lib/gcc/arm-none-eabi/10.3.1/../../../../arm-none-eabi/lib/thumb/v7e-m/nofp\libg.a(lib_a-mallocr.o)
                0x200011ac                __malloc_top_pad
 .bss.errno     0x200011b0        0x4 d:/enviro~1/gcc-ar~1/102021~1.10/bin/../lib/gcc/arm-none-eabi/10.3.1/../../../../arm-none-eabi/lib/thumb/v7e-m/nofp\libg.a(lib_a-reent.o)
                0x200011b0                errno
 *(COMMON)
                0x200011b4                . = ALIGN (0x4)
                0x200011b4                _ebss = .
                0x200011b4                __bss_end__ = _ebss

._user_heap_stack
                0x200011b4      0x604
                0x200011b8                . = ALIGN (0x8)
 *fill*         0x200011b4        0x4 
                [!provide]                PROVIDE (end = .)
                0x200011b8                PROVIDE (_end = .)
                0x200013b8                . = (. + _Min_Heap_Size)
 *fill*         0x200011b8      0x200 
                0x200017b8                . = (. + _Min_Stack_Size)
 *fill*         0x200013b8      0x400 
                0x200017b8                . = ALIGN (0x8)

/DISCARD/
 libc.a(*)
 libm.a(*)
 libgcc.a(*)

.ARM.attributes
                0x00000000       0x2a
 *(.ARM.attributes)
 .ARM.attributes
                0x00000000       0x1e d:/enviro~1/gcc-ar~1/102021~1.10/bin/../lib/gcc/arm-none-eabi/10.3.1/thumb/v7e-m/nofp/crti.o
 .ARM.attributes
                0x0000001e       0x2e d:/enviro~1/gcc-ar~1/102021~1.10/bin/../lib/gcc/arm-none-eabi/10.3.1/thumb/v7e-m/nofp/crtbegin.o
 .ARM.attributes
                0x0000004c       0x2e CMakeFiles/my_demo.elf.dir/Core/Src/can.c.obj
 .ARM.attributes
                0x0000007a       0x2e CMakeFiles/my_demo.elf.dir/Core/Src/dma.c.obj
 .ARM.attributes
                0x000000a8       0x2e CMakeFiles/my_demo.elf.dir/Core/Src/gpio.c.obj
 .ARM.attributes
                0x000000d6       0x2e CMakeFiles/my_demo.elf.dir/Core/Src/main.c.obj
 .ARM.attributes
                0x00000104       0x2e CMakeFiles/my_demo.elf.dir/Core/Src/stm32f4xx_hal_msp.c.obj
 .ARM.attributes
                0x00000132       0x2e CMakeFiles/my_demo.elf.dir/Core/Src/stm32f4xx_it.c.obj
 .ARM.attributes
                0x00000160       0x2e CMakeFiles/my_demo.elf.dir/Core/Src/syscalls.c.obj
 .ARM.attributes
                0x0000018e       0x2e CMakeFiles/my_demo.elf.dir/Core/Src/sysmem.c.obj
 .ARM.attributes
                0x000001bc       0x2e CMakeFiles/my_demo.elf.dir/Core/Src/system_stm32f4xx.c.obj
 .ARM.attributes
                0x000001ea       0x2e CMakeFiles/my_demo.elf.dir/Core/Src/tim.c.obj
 .ARM.attributes
                0x00000218       0x2e CMakeFiles/my_demo.elf.dir/Core/Src/usart.c.obj
 .ARM.attributes
                0x00000246       0x21 CMakeFiles/my_demo.elf.dir/Core/Startup/startup_stm32f427iihx.s.obj
 .ARM.attributes
                0x00000267       0x2e CMakeFiles/my_demo.elf.dir/Core/bsp/POWER.c.obj
 .ARM.attributes
                0x00000295       0x2e CMakeFiles/my_demo.elf.dir/Core/bsp/bsp_can.c.obj
 .ARM.attributes
                0x000002c3       0x2e CMakeFiles/my_demo.elf.dir/Core/bsp/debugc.c.obj
 .ARM.attributes
                0x000002f1       0x2e CMakeFiles/my_demo.elf.dir/Core/bsp/motor.c.obj
 .ARM.attributes
                0x0000031f       0x2e CMakeFiles/my_demo.elf.dir/Core/bsp/pid.c.obj
 .ARM.attributes
                0x0000034d       0x2e CMakeFiles/my_demo.elf.dir/Drivers/STM32F4xx_HAL_Driver/Src/stm32f4xx_hal.c.obj
 .ARM.attributes
                0x0000037b       0x2e CMakeFiles/my_demo.elf.dir/Drivers/STM32F4xx_HAL_Driver/Src/stm32f4xx_hal_can.c.obj
 .ARM.attributes
                0x000003a9       0x2e CMakeFiles/my_demo.elf.dir/Drivers/STM32F4xx_HAL_Driver/Src/stm32f4xx_hal_cortex.c.obj
 .ARM.attributes
                0x000003d7       0x2e CMakeFiles/my_demo.elf.dir/Drivers/STM32F4xx_HAL_Driver/Src/stm32f4xx_hal_dma.c.obj
 .ARM.attributes
                0x00000405       0x2e CMakeFiles/my_demo.elf.dir/Drivers/STM32F4xx_HAL_Driver/Src/stm32f4xx_hal_gpio.c.obj
 .ARM.attributes
                0x00000433       0x2e CMakeFiles/my_demo.elf.dir/Drivers/STM32F4xx_HAL_Driver/Src/stm32f4xx_hal_rcc.c.obj
 .ARM.attributes
                0x00000461       0x2e CMakeFiles/my_demo.elf.dir/Drivers/STM32F4xx_HAL_Driver/Src/stm32f4xx_hal_tim.c.obj
 .ARM.attributes
                0x0000048f       0x2e CMakeFiles/my_demo.elf.dir/Drivers/STM32F4xx_HAL_Driver/Src/stm32f4xx_hal_tim_ex.c.obj
 .ARM.attributes
                0x000004bd       0x2e CMakeFiles/my_demo.elf.dir/Drivers/STM32F4xx_HAL_Driver/Src/stm32f4xx_hal_uart.c.obj
 .ARM.attributes
                0x000004eb       0x1e d:/enviro~1/gcc-ar~1/102021~1.10/bin/../lib/gcc/arm-none-eabi/10.3.1/thumb/v7e-m/nofp\libgcc.a(_arm_mulsf3.o)
 .ARM.attributes
                0x00000509       0x1e d:/enviro~1/gcc-ar~1/102021~1.10/bin/../lib/gcc/arm-none-eabi/10.3.1/thumb/v7e-m/nofp\libgcc.a(_arm_addsubdf3.o)
 .ARM.attributes
                0x00000527       0x1e d:/enviro~1/gcc-ar~1/102021~1.10/bin/../lib/gcc/arm-none-eabi/10.3.1/thumb/v7e-m/nofp\libgcc.a(_arm_addsubsf3.o)
 .ARM.attributes
                0x00000545       0x1e d:/enviro~1/gcc-ar~1/102021~1.10/bin/../lib/gcc/arm-none-eabi/10.3.1/thumb/v7e-m/nofp\libgcc.a(_arm_cmpsf2.o)
 .ARM.attributes
                0x00000563       0x1e d:/enviro~1/gcc-ar~1/102021~1.10/bin/../lib/gcc/arm-none-eabi/10.3.1/thumb/v7e-m/nofp\libgcc.a(_arm_fixsfsi.o)
 .ARM.attributes
                0x00000581       0x1e d:/enviro~1/gcc-ar~1/102021~1.10/bin/../lib/gcc/arm-none-eabi/10.3.1/thumb/v7e-m/nofp\libgcc.a(_arm_fixunssfsi.o)
 .ARM.attributes
                0x0000059f       0x1e d:/enviro~1/gcc-ar~1/102021~1.10/bin/../lib/gcc/arm-none-eabi/10.3.1/thumb/v7e-m/nofp\libgcc.a(_aeabi_uldivmod.o)
 .ARM.attributes
                0x000005bd       0x2e d:/enviro~1/gcc-ar~1/102021~1.10/bin/../lib/gcc/arm-none-eabi/10.3.1/thumb/v7e-m/nofp\libgcc.a(_udivmoddi4.o)
 .ARM.attributes
                0x000005eb       0x1e d:/enviro~1/gcc-ar~1/102021~1.10/bin/../lib/gcc/arm-none-eabi/10.3.1/thumb/v7e-m/nofp\libgcc.a(_dvmd_tls.o)
 .ARM.attributes
                0x00000609       0x2e d:/enviro~1/gcc-ar~1/102021~1.10/bin/../lib/gcc/arm-none-eabi/10.3.1/../../../../arm-none-eabi/lib/thumb/v7e-m/nofp\libg.a(lib_a-errno.o)
 .ARM.attributes
                0x00000637       0x2e d:/enviro~1/gcc-ar~1/102021~1.10/bin/../lib/gcc/arm-none-eabi/10.3.1/../../../../arm-none-eabi/lib/thumb/v7e-m/nofp\libg.a(lib_a-impure.o)
 .ARM.attributes
                0x00000665       0x2e d:/enviro~1/gcc-ar~1/102021~1.10/bin/../lib/gcc/arm-none-eabi/10.3.1/../../../../arm-none-eabi/lib/thumb/v7e-m/nofp\libg.a(lib_a-init.o)
 .ARM.attributes
                0x00000693       0x2e d:/enviro~1/gcc-ar~1/102021~1.10/bin/../lib/gcc/arm-none-eabi/10.3.1/../../../../arm-none-eabi/lib/thumb/v7e-m/nofp\libg.a(lib_a-memset.o)
 .ARM.attributes
                0x000006c1       0x2e d:/enviro~1/gcc-ar~1/102021~1.10/bin/../lib/gcc/arm-none-eabi/10.3.1/../../../../arm-none-eabi/lib/thumb/v7e-m/nofp\libg.a(lib_a-strtod.o)
 .ARM.attributes
                0x000006ef       0x2e d:/enviro~1/gcc-ar~1/102021~1.10/bin/../lib/gcc/arm-none-eabi/10.3.1/../../../../arm-none-eabi/lib/thumb/v7e-m/nofp\libg.a(lib_a-vsnprintf.o)
 .ARM.attributes
                0x0000071d       0x2e d:/enviro~1/gcc-ar~1/102021~1.10/bin/../lib/gcc/arm-none-eabi/10.3.1/../../../../arm-none-eabi/lib/thumb/v7e-m/nofp\libg.a(lib_a-__call_atexit.o)
 .ARM.attributes
                0x0000074b       0x2e d:/enviro~1/gcc-ar~1/102021~1.10/bin/../lib/gcc/arm-none-eabi/10.3.1/../../../../arm-none-eabi/lib/thumb/v7e-m/nofp\libg.a(lib_a-atexit.o)
 .ARM.attributes
                0x00000779       0x2e d:/enviro~1/gcc-ar~1/102021~1.10/bin/../lib/gcc/arm-none-eabi/10.3.1/../../../../arm-none-eabi/lib/thumb/v7e-m/nofp\libg.a(lib_a-fini.o)
 .ARM.attributes
                0x000007a7       0x2e d:/enviro~1/gcc-ar~1/102021~1.10/bin/../lib/gcc/arm-none-eabi/10.3.1/../../../../arm-none-eabi/lib/thumb/v7e-m/nofp\libg.a(lib_a-gdtoa-gethex.o)
 .ARM.attributes